[    0.000000] Linux version 4.19.0-18-amd64 (debian-kernel@lists.debian.org) (gcc version 8.3.0 (Debian 8.3.0-6)) #1 SMP Debian 4.19.208-1 (2021-09-29)
[    0.000000] Command line: BOOT_IMAGE=/boot/vmlinuz-4.19.0-18-amd64 root=UUID=f0d3a1e5-5548-4eb2-b89a-a3fc83f290ab ro quiet
[    0.000000] x86/fpu: Supporting XSAVE feature 0x001: 'x87 floating point registers'
[    0.000000] x86/fpu: Supporting XSAVE feature 0x002: 'SSE registers'
[    0.000000] x86/fpu: Supporting XSAVE feature 0x004: 'AVX registers'
[    0.000000] x86/fpu: xstate_offset[2]:  576, xstate_sizes[2]:  256
[    0.000000] x86/fpu: Enabled xstate features 0x7, context size is 832 bytes, using 'standard' format.
[    0.000000] BIOS-provided physical RAM map:
[    0.000000] BIOS-e820: [mem 0x0000000000000000-0x000000000009dbff] usable
[    0.000000] BIOS-e820: [mem 0x000000000009dc00-0x000000000009ffff] reserved
[    0.000000] BIOS-e820: [mem 0x00000000000e0000-0x00000000000fffff] reserved
[    0.000000] BIOS-e820: [mem 0x0000000000100000-0x000000005db7efff] usable
[    0.000000] BIOS-e820: [mem 0x000000005db7f000-0x000000005ee7efff] reserved
[    0.000000] BIOS-e820: [mem 0x000000005ee7f000-0x000000005ef7efff] ACPI NVS
[    0.000000] BIOS-e820: [mem 0x000000005ef7f000-0x000000005effefff] ACPI data
[    0.000000] BIOS-e820: [mem 0x000000005efff000-0x000000005effffff] usable
[    0.000000] BIOS-e820: [mem 0x000000005f000000-0x000000005fffffff] reserved
[    0.000000] BIOS-e820: [mem 0x00000000e0000000-0x00000000efffffff] reserved
[    0.000000] BIOS-e820: [mem 0x00000000fec00000-0x00000000fec00fff] reserved
[    0.000000] BIOS-e820: [mem 0x00000000fed10000-0x00000000fed13fff] reserved
[    0.000000] BIOS-e820: [mem 0x00000000fed18000-0x00000000fed19fff] reserved
[    0.000000] BIOS-e820: [mem 0x00000000fed1c000-0x00000000fed1ffff] reserved
[    0.000000] BIOS-e820: [mem 0x00000000fee00000-0x00000000fee00fff] reserved
[    0.000000] BIOS-e820: [mem 0x00000000ff800000-0x00000000ffffffff] reserved
[    0.000000] BIOS-e820: [mem 0x0000000100000000-0x000000029dffffff] usable
[    0.000000] NX (Execute Disable) protection: active
[    0.000000] SMBIOS 2.7 present.
[    0.000000] DMI: Hewlett-Packard HP ZBook 15/1909, BIOS L70 Ver. 01.45 04/17/2019
[    0.000000] tsc: Fast TSC calibration failed
[    0.000000] e820: update [mem 0x00000000-0x00000fff] usable ==> reserved
[    0.000000] e820: remove [mem 0x000a0000-0x000fffff] usable
[    0.000000] last_pfn = 0x29e000 max_arch_pfn = 0x400000000
[    0.000000] MTRR default type: uncachable
[    0.000000] MTRR fixed ranges enabled:
[    0.000000]   00000-9FFFF write-back
[    0.000000]   A0000-BFFFF uncachable
[    0.000000]   C0000-FFFFF write-protect
[    0.000000] MTRR variable ranges enabled:
[    0.000000]   0 base 00FF800000 mask 7FFF800000 write-protect
[    0.000000]   1 base 0000000000 mask 7FC0000000 write-back
[    0.000000]   2 base 0040000000 mask 7FE0000000 write-back
[    0.000000]   3 base 0100000000 mask 7F00000000 write-back
[    0.000000]   4 base 0200000000 mask 7F80000000 write-back
[    0.000000]   5 base 0280000000 mask 7FE0000000 write-back
[    0.000000]   6 base 029E000000 mask 7FFE000000 uncachable
[    0.000000]   7 disabled
[    0.000000]   8 disabled
[    0.000000]   9 disabled
[    0.000000] x86/PAT: Configuration [0-7]: WB  WC  UC- UC  WB  WP  UC- WT  
[    0.000000] last_pfn = 0x5f000 max_arch_pfn = 0x400000000
[    0.000000] Using GB pages for direct mapping
[    0.000000] RAMDISK: [mem 0x336ed000-0x35b6dfff]
[    0.000000] ACPI: Early table checksum verification disabled
[    0.000000] ACPI: RSDP 0x00000000000F3060 000024 (v02 HPQOEM)
[    0.000000] ACPI: XSDT 0x000000005EFFE120 000094 (v01 HPQOEM SLIC-MPC 00000001      01000013)
[    0.000000] ACPI: FACP 0x000000005EFFC000 00010C (v05 HPQOEM 1909     00000001 HP   00000001)
[    0.000000] ACPI: DSDT 0x000000005EFD1000 02591A (v02 HPQOEM 1909     00000001 INTL 20110112)
[    0.000000] ACPI: FACS 0x000000005EDE4000 000040
[    0.000000] ACPI: FACS 0x000000005EDE4000 000040
[    0.000000] ACPI: HPET 0x000000005EFFB000 000038 (v01 HPQOEM 1909     00000001 HP   00000001)
[    0.000000] ACPI: APIC 0x000000005EFFA000 0000BC (v01 HPQOEM 1909     00000001 HP   00000001)
[    0.000000] ACPI: MCFG 0x000000005EFF9000 00003C (v01 HPQOEM 1909     00000001 HP   00000001)
[    0.000000] ACPI: SSDT 0x000000005EFCE000 000466 (v01 HPQOEM SataAhci 00001000 INTL 20110112)
[    0.000000] ACPI: SSDT 0x000000005EFCD000 00048A (v01 HPQOEM PtidDevc 00001000 INTL 20110112)
[    0.000000] ACPI: FPDT 0x000000005EFCB000 000044 (v01 HPQOEM 1909     00000001 HP   00000001)
[    0.000000] ACPI: BGRT 0x000000005EFCA000 000038 (v00 HPQOEM 1909     00000001 HP   00000001)
[    0.000000] ACPI: SSDT 0x000000005EFC7000 001A30 (v01 HPQOEM NVIDIAGF 00000001 INTL 20110112)
[    0.000000] ACPI: SSDT 0x000000005EFC4000 000544 (v01 PmRef  Cpu0Ist  00003000 INTL 20110112)
[    0.000000] ACPI: SSDT 0x000000005EFC3000 000AF3 (v01 PmRef  CpuPm    00003000 INTL 20110112)
[    0.000000] ACPI: SSDT 0x000000005EFC2000 0001D5 (v01 PmRef  LakeTiny 00003000 INTL 20110112)
[    0.000000] ACPI: SSDT 0x000000005EFC1000 000706 (v01 SaSsdt SaSsdt   00003000 INTL 20110112)
[    0.000000] ACPI: ASF! 0x000000005EFF8000 0000A5 (v32 HPQOEM 1909     00000001 HP   00000001)
[    0.000000] ACPI: Reserving FACP table memory at [mem 0x5effc000-0x5effc10b]
[    0.000000] ACPI: Reserving DSDT table memory at [mem 0x5efd1000-0x5eff6919]
[    0.000000] ACPI: Reserving FACS table memory at [mem 0x5ede4000-0x5ede403f]
[    0.000000] ACPI: Reserving FACS table memory at [mem 0x5ede4000-0x5ede403f]
[    0.000000] ACPI: Reserving HPET table memory at [mem 0x5effb000-0x5effb037]
[    0.000000] ACPI: Reserving APIC table memory at [mem 0x5effa000-0x5effa0bb]
[    0.000000] ACPI: Reserving MCFG table memory at [mem 0x5eff9000-0x5eff903b]
[    0.000000] ACPI: Reserving SSDT table memory at [mem 0x5efce000-0x5efce465]
[    0.000000] ACPI: Reserving SSDT table memory at [mem 0x5efcd000-0x5efcd489]
[    0.000000] ACPI: Reserving FPDT table memory at [mem 0x5efcb000-0x5efcb043]
[    0.000000] ACPI: Reserving BGRT table memory at [mem 0x5efca000-0x5efca037]
[    0.000000] ACPI: Reserving SSDT table memory at [mem 0x5efc7000-0x5efc8a2f]
[    0.000000] ACPI: Reserving SSDT table memory at [mem 0x5efc4000-0x5efc4543]
[    0.000000] ACPI: Reserving SSDT table memory at [mem 0x5efc3000-0x5efc3af2]
[    0.000000] ACPI: Reserving SSDT table memory at [mem 0x5efc2000-0x5efc21d4]
[    0.000000] ACPI: Reserving SSDT table memory at [mem 0x5efc1000-0x5efc1705]
[    0.000000] ACPI: Reserving ASF! table memory at [mem 0x5eff8000-0x5eff80a4]
[    0.000000] ACPI: Local APIC address 0xfee00000
[    0.000000] No NUMA configuration found
[    0.000000] Faking a node at [mem 0x0000000000000000-0x000000029dffffff]
[    0.000000] NODE_DATA(0) allocated [mem 0x29dffb000-0x29dffffff]
[    0.000000] Zone ranges:
[    0.000000]   DMA      [mem 0x0000000000001000-0x0000000000ffffff]
[    0.000000]   DMA32    [mem 0x0000000001000000-0x00000000ffffffff]
[    0.000000]   Normal   [mem 0x0000000100000000-0x000000029dffffff]
[    0.000000]   Device   empty
[    0.000000] Movable zone start for each node
[    0.000000] Early memory node ranges
[    0.000000]   node   0: [mem 0x0000000000001000-0x000000000009cfff]
[    0.000000]   node   0: [mem 0x0000000000100000-0x000000005db7efff]
[    0.000000]   node   0: [mem 0x000000005efff000-0x000000005effffff]
[    0.000000]   node   0: [mem 0x0000000100000000-0x000000029dffffff]
[    0.000000] Zeroed struct page in unavailable ranges: 17636 pages
[    0.000000] Initmem setup node 0 [mem 0x0000000000001000-0x000000029dffffff]
[    0.000000] On node 0 totalpages: 2079516
[    0.000000]   DMA zone: 64 pages used for memmap
[    0.000000]   DMA zone: 21 pages reserved
[    0.000000]   DMA zone: 3996 pages, LIFO batch:0
[    0.000000]   DMA32 zone: 5934 pages used for memmap
[    0.000000]   DMA32 zone: 379776 pages, LIFO batch:63
[    0.000000]   Normal zone: 26496 pages used for memmap
[    0.000000]   Normal zone: 1695744 pages, LIFO batch:63
[    0.000000] ACPI: PM-Timer IO Port: 0x1808
[    0.000000] ACPI: Local APIC address 0xfee00000
[    0.000000] ACPI: LAPIC_NMI (acpi_id[0x00] high edge lint[0x1])
[    0.000000] ACPI: LAPIC_NMI (acpi_id[0x01] high edge lint[0x1])
[    0.000000] ACPI: LAPIC_NMI (acpi_id[0x02] high edge lint[0x1])
[    0.000000] ACPI: LAPIC_NMI (acpi_id[0x03] high edge lint[0x1])
[    0.000000] ACPI: LAPIC_NMI (acpi_id[0x04] high edge lint[0x1])
[    0.000000] ACPI: LAPIC_NMI (acpi_id[0x05] high edge lint[0x1])
[    0.000000] ACPI: LAPIC_NMI (acpi_id[0x06] high edge lint[0x1])
[    0.000000] ACPI: LAPIC_NMI (acpi_id[0x07] high edge lint[0x1])
[    0.000000] IOAPIC[0]: apic_id 0, version 32, address 0xfec00000, GSI 0-23
[    0.000000] ACPI: INT_SRC_OVR (bus 0 bus_irq 0 global_irq 2 dfl dfl)
[    0.000000] ACPI: INT_SRC_OVR (bus 0 bus_irq 9 global_irq 9 high level)
[    0.000000] ACPI: IRQ0 used by override.
[    0.000000] ACPI: IRQ9 used by override.
[    0.000000] Using ACPI (MADT) for SMP configuration information
[    0.000000] ACPI: HPET id: 0x8086a201 base: 0xfed00000
[    0.000000] TSC deadline timer available
[    0.000000] smpboot: Allowing 8 CPUs, 4 hotplug CPUs
[    0.000000] PM: Registered nosave memory: [mem 0x00000000-0x00000fff]
[    0.000000] PM: Registered nosave memory: [mem 0x0009d000-0x0009dfff]
[    0.000000] PM: Registered nosave memory: [mem 0x0009e000-0x0009ffff]
[    0.000000] PM: Registered nosave memory: [mem 0x000a0000-0x000dffff]
[    0.000000] PM: Registered nosave memory: [mem 0x000e0000-0x000fffff]
[    0.000000] PM: Registered nosave memory: [mem 0x5db7f000-0x5ee7efff]
[    0.000000] PM: Registered nosave memory: [mem 0x5ee7f000-0x5ef7efff]
[    0.000000] PM: Registered nosave memory: [mem 0x5ef7f000-0x5effefff]
[    0.000000] PM: Registered nosave memory: [mem 0x5f000000-0x5fffffff]
[    0.000000] PM: Registered nosave memory: [mem 0x60000000-0xdfffffff]
[    0.000000] PM: Registered nosave memory: [mem 0xe0000000-0xefffffff]
[    0.000000] PM: Registered nosave memory: [mem 0xf0000000-0xfebfffff]
[    0.000000] PM: Registered nosave memory: [mem 0xfec00000-0xfec00fff]
[    0.000000] PM: Registered nosave memory: [mem 0xfec01000-0xfed0ffff]
[    0.000000] PM: Registered nosave memory: [mem 0xfed10000-0xfed13fff]
[    0.000000] PM: Registered nosave memory: [mem 0xfed14000-0xfed17fff]
[    0.000000] PM: Registered nosave memory: [mem 0xfed18000-0xfed19fff]
[    0.000000] PM: Registered nosave memory: [mem 0xfed1a000-0xfed1bfff]
[    0.000000] PM: Registered nosave memory: [mem 0xfed1c000-0xfed1ffff]
[    0.000000] PM: Registered nosave memory: [mem 0xfed20000-0xfedfffff]
[    0.000000] PM: Registered nosave memory: [mem 0xfee00000-0xfee00fff]
[    0.000000] PM: Registered nosave memory: [mem 0xfee01000-0xff7fffff]
[    0.000000] PM: Registered nosave memory: [mem 0xff800000-0xffffffff]
[    0.000000] [mem 0x60000000-0xdfffffff] available for PCI devices
[    0.000000] Booting paravirtualized kernel on bare hardware
[    0.000000] clocksource: refined-jiffies: mask: 0xffffffff max_cycles: 0xffffffff, max_idle_ns: 7645519600211568 ns
[    0.000000] random: get_random_bytes called from start_kernel+0x93/0x52a with crng_init=0
[    0.000000] setup_percpu: NR_CPUS:512 nr_cpumask_bits:512 nr_cpu_ids:8 nr_node_ids:1
[    0.000000] percpu: Embedded 45 pages/cpu s144536 r8192 d31592 u262144
[    0.000000] pcpu-alloc: s144536 r8192 d31592 u262144 alloc=1*2097152
[    0.000000] pcpu-alloc: [0] 0 1 2 3 4 5 6 7 
[    0.000000] Built 1 zonelists, mobility grouping on.  Total pages: 2047001
[    0.000000] Policy zone: Normal
[    0.000000] Kernel command line: BOOT_IMAGE=/boot/vmlinuz-4.19.0-18-amd64 root=UUID=f0d3a1e5-5548-4eb2-b89a-a3fc83f290ab ro quiet
[    0.000000] Calgary: detecting Calgary via BIOS EBDA area
[    0.000000] Calgary: Unable to locate Rio Grande table in EBDA - bailing!
[    0.000000] Memory: 8057360K/8318064K available (10252K kernel code, 1242K rwdata, 3332K rodata, 1596K init, 2260K bss, 260704K reserved, 0K cma-reserved)
[    0.000000] SLUB: HWalign=64, Order=0-3, MinObjects=0, CPUs=8, Nodes=1
[    0.000000] Kernel/User page tables isolation: enabled
[    0.000000] ftrace: allocating 32002 entries in 126 pages
[    0.000000] rcu: Hierarchical RCU implementation.
[    0.000000] rcu: 	RCU restricting CPUs from NR_CPUS=512 to nr_cpu_ids=8.
[    0.000000] rcu: Adjusting geometry for rcu_fanout_leaf=16, nr_cpu_ids=8
[    0.000000] NR_IRQS: 33024, nr_irqs: 488, preallocated irqs: 16
[    0.000000] Console: colour VGA+ 80x25
[    0.000000] console [tty0] enabled
[    0.000000] ACPI: Core revision 20180810
[    0.000000] clocksource: hpet: mask: 0xffffffff max_cycles: 0xffffffff, max_idle_ns: 133484882848 ns
[    0.000000] hpet clockevent registered
[    0.000000] APIC: Switch to symmetric I/O mode setup
[    0.000000] x2apic: IRQ remapping doesn't support X2APIC mode
[    0.000000] ..TIMER: vector=0x30 apic1=0 pin1=2 apic2=-1 pin2=-1
[    0.028000] tsc: PIT calibration matches HPET. 2 loops
[    0.028000] tsc: Detected 2793.527 MHz processor
[    0.000008] clocksource: tsc-early: mask: 0xffffffffffffffff max_cycles: 0x28445dc6e97, max_idle_ns: 440795227386 ns
[    0.000016] Calibrating delay loop (skipped), value calculated using timer frequency.. 5587.05 BogoMIPS (lpj=11174108)
[    0.000017] pid_max: default: 32768 minimum: 301
[    0.000042] Security Framework initialized
[    0.000042] Yama: disabled by default; enable with sysctl kernel.yama.*
[    0.000456] AppArmor: AppArmor initialized
[    0.001924] Dentry cache hash table entries: 1048576 (order: 11, 8388608 bytes)
[    0.002703] Inode-cache hash table entries: 524288 (order: 10, 4194304 bytes)
[    0.002735] Mount-cache hash table entries: 16384 (order: 5, 131072 bytes)
[    0.002763] Mountpoint-cache hash table entries: 16384 (order: 5, 131072 bytes)
[    0.002947] ENERGY_PERF_BIAS: Set to 'normal', was 'performance'
[    0.002947] ENERGY_PERF_BIAS: View and update with x86_energy_perf_policy(8)
[    0.002961] CPU0: Thermal monitoring enabled (TM1)
[    0.002970] process: using mwait in idle threads
[    0.002972] Last level iTLB entries: 4KB 1024, 2MB 1024, 4MB 1024
[    0.002972] Last level dTLB entries: 4KB 1024, 2MB 1024, 4MB 1024, 1GB 4
[    0.002973] Spectre V1 : Mitigation: usercopy/swapgs barriers and __user pointer sanitization
[    0.002974] Spectre V2 : Mitigation: Full generic retpoline
[    0.002975] Spectre V2 : Spectre v2 / SpectreRSB mitigation: Filling RSB on context switch
[    0.002975] Spectre V2 : Enabling Restricted Speculation for firmware calls
[    0.002981] Spectre V2 : mitigation: Enabling conditional Indirect Branch Prediction Barrier
[    0.002982] Spectre V2 : User space: Mitigation: STIBP via seccomp and prctl
[    0.002982] Speculative Store Bypass: Mitigation: Speculative Store Bypass disabled via prctl and seccomp
[    0.003003] SRBDS: Vulnerable: No microcode
[    0.003003] MDS: Mitigation: Clear CPU buffers
[    0.006011] Freeing SMP alternatives memory: 24K
[    0.007840] smpboot: CPU0: Intel(R) Core(TM) i5-4330M CPU @ 2.80GHz (family: 0x6, model: 0x3c, stepping: 0x3)
[    0.007913] Performance Events: PEBS fmt2+, Haswell events, 16-deep LBR, full-width counters, Intel PMU driver.
[    0.007953] ... version:                3
[    0.007954] ... bit width:              48
[    0.007954] ... generic registers:      4
[    0.007955] ... value mask:             0000ffffffffffff
[    0.007955] ... max period:             00007fffffffffff
[    0.007956] ... fixed-purpose events:   3
[    0.007956] ... event mask:             000000070000000f
[    0.007988] rcu: Hierarchical SRCU implementation.
[    0.008009] random: crng done (trusting CPU's manufacturer)
[    0.008009] NMI watchdog: Enabled. Permanently consumes one hw-PMU counter.
[    0.008009] smp: Bringing up secondary CPUs ...
[    0.008009] x86: Booting SMP configuration:
[    0.008009] .... node  #0, CPUs:      #1
[    0.008009] MDS CPU bug present and SMT on, data leak possible. See https://www.kernel.org/doc/html/latest/admin-guide/hw-vuln/mds.html for more details.
[    0.008009]  #2 #3
[    0.008009] smp: Brought up 1 node, 4 CPUs
[    0.008009] smpboot: Max logical packages: 2
[    0.008009] smpboot: Total of 4 processors activated (22348.21 BogoMIPS)
[    0.008261] devtmpfs: initialized
[    0.008261] x86/mm: Memory block size: 128MB
[    0.008618] PM: Registering ACPI NVS region [mem 0x5ee7f000-0x5ef7efff] (1048576 bytes)
[    0.008618] clocksource: jiffies: mask: 0xffffffff max_cycles: 0xffffffff, max_idle_ns: 7645041785100000 ns
[    0.008618] futex hash table entries: 2048 (order: 5, 131072 bytes)
[    0.008618] pinctrl core: initialized pinctrl subsystem
[    0.008618] NET: Registered protocol family 16
[    0.008618] audit: initializing netlink subsys (disabled)
[    0.008618] audit: type=2000 audit(1642405680.036:1): state=initialized audit_enabled=0 res=1
[    0.008618] cpuidle: using governor ladder
[    0.008618] cpuidle: using governor menu
[    0.008618] ACPI FADT declares the system doesn't support PCIe ASPM, so disable it
[    0.008618] ACPI: bus type PCI registered
[    0.008618] acpiphp: ACPI Hot Plug PCI Controller Driver version: 0.5
[    0.008618] PCI: MMCONFIG for domain 0000 [bus 00-ff] at [mem 0xe0000000-0xefffffff] (base 0xe0000000)
[    0.008618] PCI: MMCONFIG at [mem 0xe0000000-0xefffffff] reserved in E820
[    0.008618] PCI: Using configuration type 1 for base access
[    0.008618] core: PMU erratum BJ122, BV98, HSD29 worked around, HT is on
[    0.008618] mtrr: your CPUs had inconsistent variable MTRR settings
[    0.008618] mtrr: probably your BIOS does not setup all CPUs.
[    0.008618] mtrr: corrected configuration.
[    0.008618] HugeTLB registered 1.00 GiB page size, pre-allocated 0 pages
[    0.008618] HugeTLB registered 2.00 MiB page size, pre-allocated 0 pages
[    0.008618] ACPI: Added _OSI(Module Device)
[    0.008618] ACPI: Added _OSI(Processor Device)
[    0.008618] ACPI: Added _OSI(3.0 _SCP Extensions)
[    0.008618] ACPI: Added _OSI(Processor Aggregator Device)
[    0.008618] ACPI: Added _OSI(Linux-Dell-Video)
[    0.008618] ACPI: Added _OSI(Linux-Lenovo-NV-HDMI-Audio)
[    0.020035] ACPI: 8 ACPI AML tables successfully acquired and loaded
[    0.021263] ACPI: [Firmware Bug]: BIOS _OSI(Linux) query ignored
[    0.024523] ACPI: Dynamic OEM Table Load:
[    0.024523] ACPI: SSDT 0xFFFF8C5994063C00 0003F3 (v01 PmRef  Cpu0Cst  00003001 INTL 20110112)
[    0.024524] ACPI: Dynamic OEM Table Load:
[    0.024524] ACPI: SSDT 0xFFFF8C5994194000 0005DB (v01 PmRef  ApIst    00003000 INTL 20110112)
[    0.024524] ACPI: Dynamic OEM Table Load:
[    0.024524] ACPI: SSDT 0xFFFF8C5994206A00 000119 (v01 PmRef  ApCst    00003000 INTL 20110112)
[    0.024638] ACPI: EC: EC started
[    0.024638] ACPI: EC: interrupt blocked
[    1.584601] ACPI: \_SB_.PCI0.LPCB.EC0_: Used as first EC
[    1.584602] ACPI: \_SB_.PCI0.LPCB.EC0_: GPE=0x16, EC_CMD/EC_SC=0x66, EC_DATA=0x62
[    1.584604] ACPI: \_SB_.PCI0.LPCB.EC0_: Used as boot DSDT EC to handle transactions
[    1.584604] ACPI: Interpreter enabled
[    1.584627] ACPI: (supports S0 S3 S4 S5)
[    1.584628] ACPI: Using IOAPIC for interrupt routing
[    1.584645] PCI: Using host bridge windows from ACPI; if necessary, use "pci=nocrs" and report a bug
[    1.584874] ACPI: Enabled 8 GPEs in block 00 to 3F
[    1.586750] ACPI: Power Resource [APPR] (off)
[    1.588806] ACPI: Power Resource [COMP] (on)
[    1.589182] ACPI: Power Resource [LPP] (on)
[    1.591665] ACPI: PCI Root Bridge [PCI0] (domain 0000 [bus 00-fe])
[    1.591669] acpi PNP0A08:00: _OSC: OS supports [ExtendedConfig ASPM ClockPM Segments MSI]
[    1.592331] acpi PNP0A08:00: _OSC: platform does not support [PCIeHotplug SHPCHotplug PME LTR]
[    1.593161] acpi PNP0A08:00: _OSC: OS now controls [AER PCIeCapability]
[    1.593161] acpi PNP0A08:00: FADT indicates ASPM is unsupported, using BIOS configuration
[    1.593161] PCI host bridge to bus 0000:00
[    1.593161] pci_bus 0000:00: root bus resource [io  0x0000-0x0cf7 window]
[    1.593161] pci_bus 0000:00: root bus resource [io  0x0d00-0xffff window]
[    1.593161] pci_bus 0000:00: root bus resource [mem 0x000a0000-0x000bffff window]
[    1.593161] pci_bus 0000:00: root bus resource [mem 0x60000000-0xdfffffff window]
[    1.593161] pci_bus 0000:00: root bus resource [mem 0xf0000000-0xfedfffff window]
[    1.593161] pci_bus 0000:00: root bus resource [mem 0xfee01000-0xffffffff window]
[    1.593161] pci_bus 0000:00: root bus resource [bus 00-fe]
[    1.593161] pci 0000:00:00.0: [8086:0c04] type 00 class 0x060000
[    1.593161] pci 0000:00:01.0: [8086:0c01] type 01 class 0x060400
[    1.593161] pci 0000:00:01.0: PME# supported from D0 D3hot D3cold
[    1.593161] pci 0000:00:14.0: [8086:8c31] type 00 class 0x0c0330
[    1.593161] pci 0000:00:14.0: reg 0x10: [mem 0xd0320000-0xd032ffff 64bit]
[    1.593161] pci 0000:00:14.0: PME# supported from D3hot D3cold
[    1.593161] pci 0000:00:16.0: [8086:8c3a] type 00 class 0x078000
[    1.593161] pci 0000:00:16.0: reg 0x10: [mem 0xd0335000-0xd033500f 64bit]
[    1.593161] pci 0000:00:16.0: PME# supported from D0 D3hot D3cold
[    1.593161] pci 0000:00:16.3: [8086:8c3d] type 00 class 0x070002
[    1.593161] pci 0000:00:16.3: reg 0x10: [io  0x6070-0x6077]
[    1.593161] pci 0000:00:16.3: reg 0x14: [mem 0xd033c000-0xd033cfff]
[    1.593161] pci 0000:00:19.0: [8086:153a] type 00 class 0x020000
[    1.593161] pci 0000:00:19.0: reg 0x10: [mem 0xd0300000-0xd031ffff]
[    1.593161] pci 0000:00:19.0: reg 0x14: [mem 0xd033b000-0xd033bfff]
[    1.593167] pci 0000:00:19.0: reg 0x18: [io  0x6040-0x605f]
[    1.593222] pci 0000:00:19.0: PME# supported from D0 D3hot D3cold
[    1.593299] pci 0000:00:1a.0: [8086:8c2d] type 00 class 0x0c0320
[    1.593318] pci 0000:00:1a.0: reg 0x10: [mem 0xd033a000-0xd033a3ff]
[    1.593399] pci 0000:00:1a.0: PME# supported from D0 D3hot D3cold
[    1.593479] pci 0000:00:1b.0: [8086:8c20] type 00 class 0x040300
[    1.593497] pci 0000:00:1b.0: reg 0x10: [mem 0xd0330000-0xd0333fff 64bit]
[    1.593566] pci 0000:00:1b.0: PME# supported from D0 D3hot D3cold
[    1.593642] pci 0000:00:1c.0: [8086:8c10] type 01 class 0x060400
[    1.593729] pci 0000:00:1c.0: PME# supported from D0 D3hot D3cold
[    1.593839] pci 0000:00:1c.4: [8086:8c18] type 01 class 0x060400
[    1.593915] pci 0000:00:1c.4: PME# supported from D0 D3hot D3cold
[    1.594020] pci 0000:00:1c.6: [8086:8c1c] type 01 class 0x060400
[    1.594097] pci 0000:00:1c.6: PME# supported from D0 D3hot D3cold
[    1.594200] pci 0000:00:1c.7: [8086:8c1e] type 01 class 0x060400
[    1.594277] pci 0000:00:1c.7: PME# supported from D0 D3hot D3cold
[    1.594380] pci 0000:00:1d.0: [8086:8c26] type 00 class 0x0c0320
[    1.594400] pci 0000:00:1d.0: reg 0x10: [mem 0xd0339000-0xd03393ff]
[    1.594480] pci 0000:00:1d.0: PME# supported from D0 D3hot D3cold
[    1.594560] pci 0000:00:1f.0: [8086:8c4f] type 00 class 0x060100
[    1.596176] pci 0000:00:1f.2: [8086:8c03] type 00 class 0x010601
[    1.596192] pci 0000:00:1f.2: reg 0x10: [io  0x6068-0x606f]
[    1.596198] pci 0000:00:1f.2: reg 0x14: [io  0x607c-0x607f]
[    1.596205] pci 0000:00:1f.2: reg 0x18: [io  0x6060-0x6067]
[    1.596211] pci 0000:00:1f.2: reg 0x1c: [io  0x6078-0x607b]
[    1.596218] pci 0000:00:1f.2: reg 0x20: [io  0x6020-0x603f]
[    1.596224] pci 0000:00:1f.2: reg 0x24: [mem 0xd0338000-0xd03387ff]
[    1.596260] pci 0000:00:1f.2: PME# supported from D3hot
[    1.596332] pci 0000:00:1f.3: [8086:8c22] type 00 class 0x0c0500
[    1.596348] pci 0000:00:1f.3: reg 0x10: [mem 0xd0334000-0xd03340ff 64bit]
[    1.596366] pci 0000:00:1f.3: reg 0x20: [io  0xef80-0xef9f]
[    1.596492] pci 0000:01:00.0: [10de:12b9] type 00 class 0x030000
[    1.596510] pci 0000:01:00.0: reg 0x10: [mem 0xcf000000-0xcfffffff]
[    1.596519] pci 0000:01:00.0: reg 0x14: [mem 0x70000000-0x7fffffff 64bit pref]
[    1.596529] pci 0000:01:00.0: reg 0x1c: [mem 0x80000000-0x81ffffff 64bit pref]
[    1.596536] pci 0000:01:00.0: reg 0x24: [io  0x5000-0x507f]
[    1.596542] pci 0000:01:00.0: reg 0x30: [mem 0xfff80000-0xffffffff pref]
[    1.596607] pci 0000:01:00.0: 16.000 Gb/s available PCIe bandwidth, limited by 2.5 GT/s x8 link at 0000:00:01.0 (capable of 63.008 Gb/s with 8 GT/s x8 link)
[    1.596769] pci 0000:01:00.1: [10de:0e0f] type 00 class 0x040300
[    1.596783] pci 0000:01:00.1: reg 0x10: [mem 0xd0000000-0xd0003fff]
[    1.596897] pci 0000:00:01.0: ASPM: current common clock configuration is broken, reconfiguring
[    1.608024] pci 0000:00:01.0: PCI bridge to [bus 01]
[    1.608026] pci 0000:00:01.0:   bridge window [io  0x5000-0x5fff]
[    1.608027] pci 0000:00:01.0:   bridge window [mem 0xcf000000-0xd00fffff]
[    1.608029] pci 0000:00:01.0:   bridge window [mem 0x70000000-0x81ffffff 64bit pref]
[    1.608084] acpiphp: Slot [1] registered
[    1.608088] pci 0000:00:1c.0: PCI bridge to [bus 02-3a]
[    1.608093] pci 0000:00:1c.0:   bridge window [mem 0xb8000000-0xce0fffff]
[    1.608098] pci 0000:00:1c.0:   bridge window [mem 0x90000000-0xb1ffffff 64bit pref]
[    1.608153] acpiphp: Slot [1-1] registered
[    1.608178] pci 0000:00:1c.4: PCI bridge to [bus 3b-5b]
[    1.608181] pci 0000:00:1c.4:   bridge window [io  0x3000-0x4fff]
[    1.608184] pci 0000:00:1c.4:   bridge window [mem 0xb4000000-0xb7ffffff]
[    1.608291] pci 0000:5c:00.0: [8086:088e] type 00 class 0x028000
[    1.608377] pci 0000:5c:00.0: reg 0x10: [mem 0xd0200000-0xd0201fff 64bit]
[    1.608659] pci 0000:5c:00.0: PME# supported from D0 D3hot D3cold
[    1.608870] pci 0000:00:1c.6: PCI bridge to [bus 5c]
[    1.608874] pci 0000:00:1c.6:   bridge window [mem 0xd0200000-0xd02fffff]
[    1.608970] pci 0000:5d:00.0: [10ec:5249] type 00 class 0xff0000
[    1.609033] pci 0000:5d:00.0: reg 0x10: [mem 0xd0100000-0xd0100fff]
[    1.609496] pci 0000:5d:00.0: supports D1 D2
[    1.609497] pci 0000:5d:00.0: PME# supported from D1 D2 D3hot D3cold
[    1.609660] pci 0000:00:1c.7: ASPM: current common clock configuration is broken, reconfiguring
[    1.620041] pci 0000:00:1c.7: PCI bridge to [bus 5d]
[    1.620045] pci 0000:00:1c.7:   bridge window [mem 0xd0100000-0xd01fffff]
[    1.620987] ACPI: PCI Interrupt Link [LNKA] (IRQs 3 4 5 6 *10 11 12 14 15)
[    1.621021] ACPI: PCI Interrupt Link [LNKB] (IRQs 3 4 5 6 *10 11 12 14 15)
[    1.621054] ACPI: PCI Interrupt Link [LNKC] (IRQs 3 4 5 6 *10 11 12 14 15)
[    1.621087] ACPI: PCI Interrupt Link [LNKD] (IRQs 3 4 *5 6 10 11 12 14 15)
[    1.621118] ACPI: PCI Interrupt Link [LNKE] (IRQs 3 4 5 6 *10 11 12 14 15)
[    1.621150] ACPI: PCI Interrupt Link [LNKF] (IRQs 3 4 5 6 10 11 12 14 15) *0, disabled.
[    1.621181] ACPI: PCI Interrupt Link [LNKG] (IRQs 3 4 5 6 10 *11 12 14 15)
[    1.621212] ACPI: PCI Interrupt Link [LNKH] (IRQs 3 4 5 6 10 11 12 14 15) *0, disabled.
[    1.621505] ACPI: EC: interrupt unblocked
[    1.621511] ACPI: EC: event unblocked
[    1.621516] ACPI: \_SB_.PCI0.LPCB.EC0_: GPE=0x16, EC_CMD/EC_SC=0x66, EC_DATA=0x62
[    1.621517] ACPI: \_SB_.PCI0.LPCB.EC0_: Used as boot DSDT EC to handle transactions and events
[    1.621571] pci 0000:01:00.0: vgaarb: setting as boot VGA device
[    1.621571] pci 0000:01:00.0: vgaarb: VGA device added: decodes=io+mem,owns=io+mem,locks=none
[    1.621571] pci 0000:01:00.0: vgaarb: bridge control possible
[    1.621571] vgaarb: loaded
[    1.621571] pps_core: LinuxPPS API ver. 1 registered
[    1.621571] pps_core: Software ver. 5.3.6 - Copyright 2005-2007 Rodolfo Giometti <giometti@linux.it>
[    1.621571] PTP clock support registered
[    1.621571] EDAC MC: Ver: 3.0.0
[    1.621571] PCI: Using ACPI for IRQ routing
[    1.627272] PCI: pci_cache_line_size set to 64 bytes
[    1.627378] e820: reserve RAM buffer [mem 0x0009dc00-0x0009ffff]
[    1.627379] e820: reserve RAM buffer [mem 0x5db7f000-0x5fffffff]
[    1.627380] e820: reserve RAM buffer [mem 0x5f000000-0x5fffffff]
[    1.627381] e820: reserve RAM buffer [mem 0x29e000000-0x29fffffff]
[    1.627455] hpet0: at MMIO 0xfed00000, IRQs 2, 8, 0, 0, 0, 0, 0, 0
[    1.627455] hpet0: 8 comparators, 64-bit 14.318180 MHz counter
[    1.629026] clocksource: Switched to clocksource tsc-early
[    1.636056] VFS: Disk quotas dquot_6.6.0
[    1.636071] VFS: Dquot-cache hash table entries: 512 (order 0, 4096 bytes)
[    1.636162] AppArmor: AppArmor Filesystem Enabled
[    1.636177] pnp: PnP ACPI init
[    1.636367] system 00:00: [mem 0xfed1c000-0xfed1ffff] has been reserved
[    1.636369] system 00:00: [mem 0xfed10000-0xfed17fff] could not be reserved
[    1.636370] system 00:00: [mem 0xfed18000-0xfed18fff] has been reserved
[    1.636371] system 00:00: [mem 0xfed19000-0xfed19fff] has been reserved
[    1.636372] system 00:00: [mem 0xe0000000-0xefffffff] has been reserved
[    1.636373] system 00:00: [mem 0xfed20000-0xfed3ffff] has been reserved
[    1.636374] system 00:00: [mem 0xfed90000-0xfed93fff] has been reserved
[    1.636375] system 00:00: [mem 0xfed45000-0xfed8ffff] has been reserved
[    1.636376] system 00:00: [mem 0xfec00000-0xfec00fff] could not be reserved
[    1.636377] system 00:00: [mem 0x60010000-0x6001ffff] has been reserved
[    1.636381] system 00:00: Plug and Play ACPI device, IDs PNP0c02 (active)
[    1.636533] system 00:01: [io  0xfe00-0xfe0f] has been reserved
[    1.636534] system 00:01: [io  0xfe80-0xfe8f] has been reserved
[    1.636535] system 00:01: [mem 0xfed40000-0xfed44fff] has been reserved
[    1.636538] system 00:01: Plug and Play ACPI device, IDs PNP0c02 (active)
[    1.636631] system 00:02: [io  0x0200-0x027f] has been reserved
[    1.636632] system 00:02: [io  0xffff] has been reserved
[    1.636633] system 00:02: [io  0xffff] has been reserved
[    1.636633] system 00:02: [io  0xffff] has been reserved
[    1.636634] system 00:02: [io  0x1800-0x18fe] has been reserved
[    1.636635] system 00:02: [io  0xef80-0xef9f] has been reserved
[    1.636638] system 00:02: Plug and Play ACPI device, IDs PNP0c02 (active)
[    1.636675] system 00:03: [io  0x0800-0x087f] has been reserved
[    1.636677] system 00:03: Plug and Play ACPI device, IDs PNP0c02 (active)
[    1.636692] pnp 00:04: Plug and Play ACPI device, IDs PNP0b00 (active)
[    1.637003] pnp 00:05: Plug and Play ACPI device, IDs PNP0501 PNP0500 (active)
[    1.637235] pnp 00:06: [dma 0 disabled]
[    1.637282] pnp 00:06: Plug and Play ACPI device, IDs PNP0401 (active)
[    1.637296] pnp 00:07: Plug and Play ACPI device, IDs HPQ8001 PNP0303 (active)
[    1.637311] pnp 00:08: Plug and Play ACPI device, IDs SYN300a SYN0100 SYN0002 PNP0f13 (active)
[    1.637659] pnp: PnP ACPI: found 9 devices
[    1.643127] clocksource: acpi_pm: mask: 0xffffff max_cycles: 0xffffff, max_idle_ns: 2085701024 ns
[    1.643131] pci 0000:01:00.0: can't claim BAR 6 [mem 0xfff80000-0xffffffff pref]: no compatible bridge window
[    1.643136] pci 0000:00:1c.0: bridge window [io  0x1000-0x0fff] to [bus 02-3a] add_size 1000
[    1.643138] pci 0000:00:1c.4: bridge window [mem 0x00100000-0x000fffff 64bit pref] to [bus 3b-5b] add_size 200000 add_align 100000
[    1.643140] pci 0000:00:1c.7: bridge window [io  0x1000-0x0fff] to [bus 5d] add_size 1000
[    1.643141] pci 0000:00:1c.7: bridge window [mem 0x00100000-0x000fffff 64bit pref] to [bus 5d] add_size 200000 add_align 100000
[    1.643150] pci 0000:00:1c.4: BAR 15: assigned [mem 0x60100000-0x602fffff 64bit pref]
[    1.643153] pci 0000:00:1c.7: BAR 15: assigned [mem 0x60300000-0x604fffff 64bit pref]
[    1.643155] pci 0000:00:1c.0: BAR 13: assigned [io  0x2000-0x2fff]
[    1.643156] pci 0000:00:1c.7: BAR 13: assigned [io  0x7000-0x7fff]
[    1.643159] pci 0000:01:00.0: BAR 6: assigned [mem 0xd0080000-0xd00fffff pref]
[    1.643160] pci 0000:00:01.0: PCI bridge to [bus 01]
[    1.643162] pci 0000:00:01.0:   bridge window [io  0x5000-0x5fff]
[    1.643164] pci 0000:00:01.0:   bridge window [mem 0xcf000000-0xd00fffff]
[    1.643166] pci 0000:00:01.0:   bridge window [mem 0x70000000-0x81ffffff 64bit pref]
[    1.643168] pci 0000:00:1c.0: PCI bridge to [bus 02-3a]
[    1.643171] pci 0000:00:1c.0:   bridge window [io  0x2000-0x2fff]
[    1.643175] pci 0000:00:1c.0:   bridge window [mem 0xb8000000-0xce0fffff]
[    1.643178] pci 0000:00:1c.0:   bridge window [mem 0x90000000-0xb1ffffff 64bit pref]
[    1.643183] pci 0000:00:1c.4: PCI bridge to [bus 3b-5b]
[    1.643185] pci 0000:00:1c.4:   bridge window [io  0x3000-0x4fff]
[    1.643189] pci 0000:00:1c.4:   bridge window [mem 0xb4000000-0xb7ffffff]
[    1.643192] pci 0000:00:1c.4:   bridge window [mem 0x60100000-0x602fffff 64bit pref]
[    1.643196] pci 0000:00:1c.6: PCI bridge to [bus 5c]
[    1.643200] pci 0000:00:1c.6:   bridge window [mem 0xd0200000-0xd02fffff]
[    1.643206] pci 0000:00:1c.7: PCI bridge to [bus 5d]
[    1.643208] pci 0000:00:1c.7:   bridge window [io  0x7000-0x7fff]
[    1.643212] pci 0000:00:1c.7:   bridge window [mem 0xd0100000-0xd01fffff]
[    1.643215] pci 0000:00:1c.7:   bridge window [mem 0x60300000-0x604fffff 64bit pref]
[    1.643221] pci_bus 0000:00: resource 4 [io  0x0000-0x0cf7 window]
[    1.643222] pci_bus 0000:00: resource 5 [io  0x0d00-0xffff window]
[    1.643222] pci_bus 0000:00: resource 6 [mem 0x000a0000-0x000bffff window]
[    1.643223] pci_bus 0000:00: resource 7 [mem 0x60000000-0xdfffffff window]
[    1.643224] pci_bus 0000:00: resource 8 [mem 0xf0000000-0xfedfffff window]
[    1.643225] pci_bus 0000:00: resource 9 [mem 0xfee01000-0xffffffff window]
[    1.643226] pci_bus 0000:01: resource 0 [io  0x5000-0x5fff]
[    1.643227] pci_bus 0000:01: resource 1 [mem 0xcf000000-0xd00fffff]
[    1.643227] pci_bus 0000:01: resource 2 [mem 0x70000000-0x81ffffff 64bit pref]
[    1.643228] pci_bus 0000:02: resource 0 [io  0x2000-0x2fff]
[    1.643229] pci_bus 0000:02: resource 1 [mem 0xb8000000-0xce0fffff]
[    1.643230] pci_bus 0000:02: resource 2 [mem 0x90000000-0xb1ffffff 64bit pref]
[    1.643231] pci_bus 0000:3b: resource 0 [io  0x3000-0x4fff]
[    1.643232] pci_bus 0000:3b: resource 1 [mem 0xb4000000-0xb7ffffff]
[    1.643232] pci_bus 0000:3b: resource 2 [mem 0x60100000-0x602fffff 64bit pref]
[    1.643233] pci_bus 0000:5c: resource 1 [mem 0xd0200000-0xd02fffff]
[    1.643234] pci_bus 0000:5d: resource 0 [io  0x7000-0x7fff]
[    1.643235] pci_bus 0000:5d: resource 1 [mem 0xd0100000-0xd01fffff]
[    1.643236] pci_bus 0000:5d: resource 2 [mem 0x60300000-0x604fffff 64bit pref]
[    1.643324] NET: Registered protocol family 2
[    1.643446] IP idents hash table entries: 131072 (order: 8, 1048576 bytes)
[    1.644378] tcp_listen_portaddr_hash hash table entries: 4096 (order: 4, 65536 bytes)
[    1.644403] TCP established hash table entries: 65536 (order: 7, 524288 bytes)
[    1.644511] TCP bind hash table entries: 65536 (order: 8, 1048576 bytes)
[    1.644682] TCP: Hash tables configured (established 65536 bind 65536)
[    1.644711] UDP hash table entries: 4096 (order: 5, 131072 bytes)
[    1.644738] UDP-Lite hash table entries: 4096 (order: 5, 131072 bytes)
[    1.644795] NET: Registered protocol family 1
[    1.644798] NET: Registered protocol family 44
[    1.644811] pci 0000:00:14.0: enabling device (0000 -> 0002)
[    1.645310] pci 0000:01:00.0: Video device with shadowed ROM at [mem 0x000c0000-0x000dffff]
[    1.645321] pci 0000:01:00.1: Linked as a consumer to 0000:01:00.0
[    1.645322] pci 0000:01:00.1: D0 power state depends on 0000:01:00.0
[    1.645362] PCI: CLS 64 bytes, default 64
[    1.645415] Unpacking initramfs...
[    2.142425] Freeing initrd memory: 37380K
[    2.142434] PCI-DMA: Using software bounce buffering for IO (SWIOTLB)
[    2.142435] software IO TLB: mapped [mem 0x59b7f000-0x5db7f000] (64MB)
[    2.143000] Initialise system trusted keyrings
[    2.143009] Key type blacklist registered
[    2.143050] workingset: timestamp_bits=40 max_order=21 bucket_order=0
[    2.143962] zbud: loaded
[    2.278724] Key type asymmetric registered
[    2.278726] Asymmetric key parser 'x509' registered
[    2.278733] Block layer SCSI generic (bsg) driver version 0.4 loaded (major 247)
[    2.278754] io scheduler noop registered
[    2.278754] io scheduler deadline registered
[    2.278778] io scheduler cfq registered (default)
[    2.278779] io scheduler mq-deadline registered
[    2.279418] shpchp: Standard Hot Plug PCI Controller Driver version: 0.4
[    2.279431] intel_idle: MWAIT substates: 0x42120
[    2.279432] intel_idle: v0.4.1 model 0x3C
[    2.279548] intel_idle: lapic_timer_reliable_states 0xffffffff
[    2.279777] Serial: 8250/16550 driver, 4 ports, IRQ sharing enabled
[    2.300244] 00:05: ttyS0 at I/O 0x3f8 (irq = 4, base_baud = 115200) is a 16550A
[    2.320840] 0000:00:16.3: ttyS1 at I/O 0x6070 (irq = 19, base_baud = 115200) is a 16550A
[    2.321079] Linux agpgart interface v0.103
[    2.321122] AMD IOMMUv2 driver by Joerg Roedel <jroedel@suse.de>
[    2.321123] AMD IOMMUv2 functionality not available on this system
[    2.321352] i8042: PNP: PS/2 Controller [PNP0303:PS2K,PNP0f13:PS2M] at 0x60,0x64 irq 1,12
[    2.322431] i8042: Detected active multiplexing controller, rev 1.1
[    2.323079] serio: i8042 KBD port at 0x60,0x64 irq 1
[    2.323082] serio: i8042 AUX0 port at 0x60,0x64 irq 12
[    2.323099] serio: i8042 AUX1 port at 0x60,0x64 irq 12
[    2.323113] serio: i8042 AUX2 port at 0x60,0x64 irq 12
[    2.323125] serio: i8042 AUX3 port at 0x60,0x64 irq 12
[    2.323212] mousedev: PS/2 mouse device common for all mice
[    2.323242] rtc_cmos 00:04: RTC can wake from S4
[    2.323377] rtc_cmos 00:04: registered as rtc0
[    2.323387] rtc_cmos 00:04: alarms up to one month, y3k, 242 bytes nvram, hpet irqs
[    2.323395] intel_pstate: Intel P-state driver initializing
[    2.323574] ledtrig-cpu: registered to indicate activity on CPUs
[    2.324370] NET: Registered protocol family 10
[    2.339269] Segment Routing with IPv6
[    2.339297] mip6: Mobile IPv6
[    2.339299] NET: Registered protocol family 17
[    2.339377] mpls_gso: MPLS GSO support
[    2.339781] mce: Using 7 MCE banks
[    2.339826] microcode: sig=0x306c3, pf=0x10, revision=0x27
[    2.339897] microcode: Microcode Update Driver: v2.2.
[    2.339908] sched_clock: Marking stable (2367882480, -27990857)->(2348258135, -8366512)
[    2.340125] registered taskstats version 1
[    2.340126] Loading compiled-in X.509 certificates
[    2.348356] input: AT Translated Set 2 keyboard as /devices/platform/i8042/serio0/input/input0
[    2.369790] Loaded X.509 cert 'Debian Secure Boot CA: 6ccece7e4c6c0d1f6149f3dd27dfcc5cbb419ea1'
[    2.369800] Loaded X.509 cert 'Debian Secure Boot Signer 2021 - linux: 4b6ef5abca669825178e052c84667ccbc0531f8c'
[    2.369812] zswap: loaded using pool lzo/zbud
[    2.369886] AppArmor: AppArmor sha1 policy hashing enabled
[    2.370372] rtc_cmos 00:04: setting system clock to 2022-01-17 07:48:02 UTC (1642405682)
[    2.521615] Freeing unused kernel image memory: 1596K
[    2.540137] Write protecting the kernel read-only data: 16384k
[    2.541355] Freeing unused kernel image memory: 2028K
[    2.541553] Freeing unused kernel image memory: 764K
[    2.550655] x86/mm: Checked W+X mappings: passed, no W+X pages found.
[    2.550656] x86/mm: Checking user space page tables
[    2.556581] x86/mm: Checked W+X mappings: passed, no W+X pages found.
[    2.556582] Run /init as init process
[    2.607101] acpi PNP0C14:01: duplicate WMI GUID 05901221-D566-11D1-B2F0-00A0C9062910 (first instance was on PNP0C14:00)
[    2.607811] ACPI: Video Device [DGFX] (multi-head: yes  rom: yes  post: no)
[    2.607883] input: Sleep Button as /devices/LNXSYSTM:00/LNXSYBUS:00/PNP0C0E:00/input/input5
[    2.607892] ACPI: Sleep Button [SLPB]
[    2.608161] input: Lid Switch as /devices/LNXSYSTM:00/LNXSYBUS:00/PNP0C0D:00/input/input6
[    2.608168] ACPI: Lid Switch [LID]
[    2.610069] input: Power Button as /devices/LNXSYSTM:00/LNXPWRBN:00/input/input7
[    2.610088] ACPI: Power Button [PWRF]
[    2.611508] acpi device:01: registered as cooling_device4
[    2.611607] input: Video Bus as /devices/LNXSYSTM:00/LNXSYBUS:00/PNP0A08:00/device:00/LNXVIDEO:00/input/input8
[    2.642955] ACPI Warning: SystemIO range 0x0000000000001828-0x000000000000182F conflicts with OpRegion 0x0000000000001800-0x000000000000187F (\PMIO) (20180810/utaddress-213)
[    2.642960] ACPI: If an ACPI driver is available for this device, you should use it instead of the native driver
[    2.642963] ACPI Warning: SystemIO range 0x0000000000000840-0x000000000000084F conflicts with OpRegion 0x0000000000000800-0x0000000000000BFF (\GPIO) (20180810/utaddress-213)
[    2.642966] ACPI: If an ACPI driver is available for this device, you should use it instead of the native driver
[    2.642967] ACPI Warning: SystemIO range 0x0000000000000830-0x000000000000083F conflicts with OpRegion 0x0000000000000800-0x000000000000083F (\GPRL) (20180810/utaddress-213)
[    2.642970] ACPI Warning: SystemIO range 0x0000000000000830-0x000000000000083F conflicts with OpRegion 0x0000000000000800-0x0000000000000BFF (\GPIO) (20180810/utaddress-213)
[    2.642972] ACPI: If an ACPI driver is available for this device, you should use it instead of the native driver
[    2.642973] ACPI Warning: SystemIO range 0x0000000000000800-0x000000000000082F conflicts with OpRegion 0x0000000000000800-0x000000000000083F (\GPRL) (20180810/utaddress-213)
[    2.642975] ACPI Warning: SystemIO range 0x0000000000000800-0x000000000000082F conflicts with OpRegion 0x0000000000000800-0x0000000000000BFF (\GPIO) (20180810/utaddress-213)
[    2.642978] ACPI Warning: SystemIO range 0x0000000000000800-0x000000000000082F conflicts with OpRegion 0x0000000000000810-0x0000000000000813 (\IO_D) (20180810/utaddress-213)
[    2.642980] ACPI Warning: SystemIO range 0x0000000000000800-0x000000000000082F conflicts with OpRegion 0x0000000000000800-0x000000000000080F (\IO_T) (20180810/utaddress-213)
[    2.642983] ACPI: If an ACPI driver is available for this device, you should use it instead of the native driver
[    2.642983] lpc_ich: Resource conflict(s) found affecting gpio_ich
[    2.645276] i801_smbus 0000:00:1f.3: SPD Write Disable is set
[    2.645304] i801_smbus 0000:00:1f.3: SMBus using PCI interrupt
[    2.647011] ACPI: bus type USB registered
[    2.647030] usbcore: registered new interface driver usbfs
[    2.647038] usbcore: registered new interface driver hub
[    2.647050] usbcore: registered new device driver usb
[    2.649628] SCSI subsystem initialized
[    2.656805] cryptd: max_cpu_qlen set to 1000
[    2.656926] ehci_hcd: USB 2.0 'Enhanced' Host Controller (EHCI) Driver
[    2.657779] ehci-pci: EHCI PCI platform driver
[    2.657952] ehci-pci 0000:00:1a.0: EHCI Host Controller
[    2.657958] ehci-pci 0000:00:1a.0: new USB bus registered, assigned bus number 1
[    2.657969] ehci-pci 0000:00:1a.0: debug port 2
[    2.660411] e1000e: Intel(R) PRO/1000 Network Driver - 3.2.6-k
[    2.660412] e1000e: Copyright(c) 1999 - 2015 Intel Corporation.
[    2.660602] e1000e 0000:00:19.0: Interrupt Throttling Rate (ints/sec) set to dynamic conservative mode
[    2.661872] ehci-pci 0000:00:1a.0: cache line size of 64 is not supported
[    2.665006] ehci-pci 0000:00:1a.0: irq 16, io mem 0xd033a000
[    2.667634] AVX2 version of gcm_enc/dec engaged.
[    2.667635] AES CTR mode by8 optimization enabled
[    2.669883] thermal LNXTHERM:00: registered as thermal_zone0
[    2.669885] ACPI: Thermal Zone [CPUZ] (26 C)
[    2.680932] ehci-pci 0000:00:1a.0: USB 2.0 started, EHCI 1.00
[    2.681196] usb usb1: New USB device found, idVendor=1d6b, idProduct=0002, bcdDevice= 4.19
[    2.681198] usb usb1: New USB device strings: Mfr=3, Product=2, SerialNumber=1
[    2.681199] usb usb1: Product: EHCI Host Controller
[    2.681200] usb usb1: Manufacturer: Linux 4.19.0-18-amd64 ehci_hcd
[    2.681201] usb usb1: SerialNumber: 0000:00:1a.0
[    2.681753] hub 1-0:1.0: USB hub found
[    2.681761] hub 1-0:1.0: 3 ports detected
[    2.682077] xhci_hcd 0000:00:14.0: xHCI Host Controller
[    2.682083] xhci_hcd 0000:00:14.0: new USB bus registered, assigned bus number 2
[    2.683147] xhci_hcd 0000:00:14.0: hcc params 0x200077c1 hci version 0x100 quirks 0x0000000000009810
[    2.683152] xhci_hcd 0000:00:14.0: cache line size of 64 is not supported
[    2.683334] usb usb2: New USB device found, idVendor=1d6b, idProduct=0002, bcdDevice= 4.19
[    2.683336] usb usb2: New USB device strings: Mfr=3, Product=2, SerialNumber=1
[    2.683337] usb usb2: Product: xHCI Host Controller
[    2.683338] usb usb2: Manufacturer: Linux 4.19.0-18-amd64 xhci-hcd
[    2.683339] usb usb2: SerialNumber: 0000:00:14.0
[    2.683445] hub 2-0:1.0: USB hub found
[    2.683462] hub 2-0:1.0: 15 ports detected
[    2.684128] xhci_hcd 0000:00:14.0: xHCI Host Controller
[    2.684131] xhci_hcd 0000:00:14.0: new USB bus registered, assigned bus number 3
[    2.684134] xhci_hcd 0000:00:14.0: Host supports USB 3.0 SuperSpeed
[    2.684181] usb usb3: New USB device found, idVendor=1d6b, idProduct=0003, bcdDevice= 4.19
[    2.684182] usb usb3: New USB device strings: Mfr=3, Product=2, SerialNumber=1
[    2.684184] usb usb3: Product: xHCI Host Controller
[    2.684185] usb usb3: Manufacturer: Linux 4.19.0-18-amd64 xhci-hcd
[    2.684186] usb usb3: SerialNumber: 0000:00:14.0
[    2.684276] hub 3-0:1.0: USB hub found
[    2.684289] hub 3-0:1.0: 6 ports detected
[    2.684397] usb: port power management may be unreliable
[    2.686038] libata version 3.00 loaded.
[    2.686184] ehci-pci 0000:00:1d.0: EHCI Host Controller
[    2.686193] ehci-pci 0000:00:1d.0: new USB bus registered, assigned bus number 4
[    2.686206] ehci-pci 0000:00:1d.0: debug port 2
[    2.690130] ehci-pci 0000:00:1d.0: cache line size of 64 is not supported
[    2.690266] ehci-pci 0000:00:1d.0: irq 17, io mem 0xd0339000
[    2.690921] ahci 0000:00:1f.2: version 3.0
[    2.691113] ahci 0000:00:1f.2: SSS flag set, parallel bus scan disabled
[    2.691138] ahci 0000:00:1f.2: AHCI 0001.0300 32 slots 6 ports 6 Gbps 0xd impl SATA mode
[    2.691140] ahci 0000:00:1f.2: flags: 64bit ncq stag pm led clo pio slum part ems sxs apst 
[    2.694743] ACPI BIOS Error (bug): Could not resolve [\_TZ.PSL.CFGD], AE_NOT_FOUND (20180810/psargs-330)
[    2.694831] ACPI Error: Method parse/execution failed \_TZ.PSL, AE_NOT_FOUND (20180810/psparse-516)
[    2.694915] ACPI Error: Method parse/execution failed \_TZ.GFXZ._PSL, AE_NOT_FOUND (20180810/psparse-516)
[    2.695000] ACPI: Invalid passive threshold
[    2.704149] ehci-pci 0000:00:1d.0: USB 2.0 started, EHCI 1.00
[    2.704239] usb usb4: New USB device found, idVendor=1d6b, idProduct=0002, bcdDevice= 4.19
[    2.704240] usb usb4: New USB device strings: Mfr=3, Product=2, SerialNumber=1
[    2.704241] usb usb4: Product: EHCI Host Controller
[    2.704242] usb usb4: Manufacturer: Linux 4.19.0-18-amd64 ehci_hcd
[    2.704243] usb usb4: SerialNumber: 0000:00:1d.0
[    2.705865] hub 4-0:1.0: USB hub found
[    2.706061] hub 4-0:1.0: 3 ports detected
[    2.714487] thermal LNXTHERM:01: registered as thermal_zone1
[    2.714490] ACPI: Thermal Zone [GFXZ] (19 C)
[    2.715096] scsi host0: ahci
[    2.715614] scsi host1: ahci
[    2.715716] scsi host2: ahci
[    2.715814] scsi host3: ahci
[    2.715934] scsi host4: ahci
[    2.716426] scsi host5: ahci
[    2.716492] ata1: SATA max UDMA/133 abar m2048@0xd0338000 port 0xd0338100 irq 27
[    2.716493] ata2: DUMMY
[    2.716496] ata3: SATA max UDMA/133 abar m2048@0xd0338000 port 0xd0338200 irq 27
[    2.716498] ata4: SATA max UDMA/133 abar m2048@0xd0338000 port 0xd0338280 irq 27
[    2.716499] ata5: DUMMY
[    2.716500] ata6: DUMMY
[    2.729606] thermal LNXTHERM:02: registered as thermal_zone2
[    2.729607] ACPI: Thermal Zone [EXTZ] (0 C)
[    2.752603] e1000e 0000:00:19.0 0000:00:19.0 (uninitialized): registered PHC clock
[    2.756003] thermal LNXTHERM:03: registered as thermal_zone3
[    2.756004] ACPI: Thermal Zone [LOCZ] (0 C)
[    2.764233] ACPI BIOS Error (bug): Could not resolve [\_TZ.PSL.CFGD], AE_NOT_FOUND (20180810/psargs-330)
[    2.764316] ACPI Error: Method parse/execution failed \_TZ.PSL, AE_NOT_FOUND (20180810/psparse-516)
[    2.764394] ACPI Error: Method parse/execution failed \_TZ.BATZ._PSL, AE_NOT_FOUND (20180810/psparse-516)
[    2.764473] ACPI: Invalid passive threshold
[    2.774147] thermal LNXTHERM:04: registered as thermal_zone4
[    2.774149] ACPI: Thermal Zone [BATZ] (20 C)
[    2.774394] thermal LNXTHERM:05: registered as thermal_zone5
[    2.774395] ACPI: Thermal Zone [PCHZ] (59 C)
[    2.781651] MXM: GUID detected in BIOS
[    2.781775] ACPI Warning: \_SB.PCI0.PEGP.DGFX._DSM: Argument #4 type mismatch - Found [Buffer], ACPI requires [Package] (20180810/nsarguments-66)
[    2.782044] ACPI: \_SB_.PCI0.PEGP.DGFX: failed to evaluate _DSM
[    2.782174] nouveau 0000:01:00.0: NVIDIA GK208 (108390a1)
[    2.793074] nouveau 0000:01:00.0: bios: version 80.28.52.00.09
[    2.793266] nouveau 0000:01:00.0: mxm: BIOS version 3.0
[    2.794400] nouveau 0000:01:00.0: fb: 1024 MiB GDDR5
[    2.837540] e1000e 0000:00:19.0 eth0: (PCI Express:2.5GT/s:Width x1) 38:63:bb:8a:5c:75
[    2.837541] e1000e 0000:00:19.0 eth0: Intel(R) PRO/1000 Network Connection
[    2.837587] e1000e 0000:00:19.0 eth0: MAC: 11, PHY: 12, PBA No: FFFFFF-0FF
[    2.838334] e1000e 0000:00:19.0 enp0s25: renamed from eth0
[    2.859488] [TTM] Zone  kernel: Available graphics memory: 4049576 kiB
[    2.859489] [TTM] Zone   dma32: Available graphics memory: 2097152 kiB
[    2.859490] [TTM] Initializing pool allocator
[    2.859492] [TTM] Initializing DMA pool allocator
[    2.859502] nouveau 0000:01:00.0: DRM: VRAM: 1024 MiB
[    2.859503] nouveau 0000:01:00.0: DRM: GART: 1048576 MiB
[    2.859505] nouveau 0000:01:00.0: DRM: TMDS table version 2.0
[    2.859506] nouveau 0000:01:00.0: DRM: DCB version 4.0
[    2.859507] nouveau 0000:01:00.0: DRM: DCB outp 00: 01000f13 00010034
[    2.859508] nouveau 0000:01:00.0: DRM: DCB outp 03: 01015fd6 0f420020
[    2.859509] nouveau 0000:01:00.0: DRM: DCB outp 04: 01015f92 00020020
[    2.859510] nouveau 0000:01:00.0: DRM: DCB outp 05: 08054fc6 0f420010
[    2.859510] nouveau 0000:01:00.0: DRM: DCB outp 06: 08054f82 00020010
[    2.859511] nouveau 0000:01:00.0: DRM: DCB outp 08: 04038fb6 0f420010
[    2.859512] nouveau 0000:01:00.0: DRM: DCB outp 09: 04038f72 00020010
[    2.859512] nouveau 0000:01:00.0: DRM: DCB outp 10: 02027fa6 0f420014
[    2.859513] nouveau 0000:01:00.0: DRM: DCB outp 13: 02049f00 00000000
[    2.859514] nouveau 0000:01:00.0: DRM: DCB conn 04: 01000446
[    2.859514] nouveau 0000:01:00.0: DRM: DCB conn 05: 02000546
[    2.859515] nouveau 0000:01:00.0: DRM: DCB conn 06: 00010647
[    2.859516] nouveau 0000:01:00.0: DRM: DCB conn 07: 00010747
[    2.859516] nouveau 0000:01:00.0: DRM: DCB conn 08: 00020846
[    2.859517] nouveau 0000:01:00.0: DRM: DCB conn 09: 00000900
[    2.908131] usb 3-1: new SuperSpeed Gen 1 USB device number 2 using xhci_hcd
[    2.928508] usb 3-1: New USB device found, idVendor=0424, idProduct=5434, bcdDevice=30.82
[    2.928510] usb 3-1: New USB device strings: Mfr=2, Product=3, SerialNumber=1
[    2.928512] usb 3-1: Product: USB5534
[    2.928513] usb 3-1: Manufacturer: SMSC
[    2.928513] usb 3-1: SerialNumber: 1239567
[    2.929321] hub 3-1:1.0: USB hub found
[    2.929852] hub 3-1:1.0: 4 ports detected
[    2.940068] usb 1-1: new high-speed USB device number 2 using ehci-pci
[    2.964106] usb 4-1: new high-speed USB device number 2 using ehci-pci
[    3.031552] ata1: SATA link up 6.0 Gbps (SStatus 133 SControl 300)
[    3.032342] ata1.00: supports DRM functions and may not be fully accessible
[    3.032556] ata1.00: NCQ Send/Recv Log not supported
[    3.032559] ata1.00: ATA-9: SAMSUNG MZ7PD256HCGM-000H7, DXM06H6Q, max UDMA/133
[    3.032561] ata1.00: 500118192 sectors, multi 1: LBA48 NCQ (depth 32), AA
[    3.034265] ata1.00: supports DRM functions and may not be fully accessible
[    3.034465] ata1.00: NCQ Send/Recv Log not supported
[    3.035740] ata1.00: configured for UDMA/133
[    3.046189] scsi 0:0:0:0: Direct-Access     ATA      SAMSUNG MZ7PD256 6H6Q PQ: 0 ANSI: 5
[    3.056071] usb 2-1: new high-speed USB device number 2 using xhci_hcd
[    3.096797] usb 1-1: New USB device found, idVendor=8087, idProduct=8008, bcdDevice= 0.04
[    3.096802] usb 1-1: New USB device strings: Mfr=0, Product=0, SerialNumber=0
[    3.097295] hub 1-1:1.0: USB hub found
[    3.097472] hub 1-1:1.0: 6 ports detected
[    3.120659] usb 4-1: New USB device found, idVendor=8087, idProduct=8000, bcdDevice= 0.04
[    3.120663] usb 4-1: New USB device strings: Mfr=0, Product=0, SerialNumber=0
[    3.121144] hub 4-1:1.0: USB hub found
[    3.121313] hub 4-1:1.0: 8 ports detected
[    3.172122] tsc: Refined TSC clocksource calibration: 2793.534 MHz
[    3.172149] clocksource: tsc: mask: 0xffffffffffffffff max_cycles: 0x28446481b12, max_idle_ns: 440795279392 ns
[    3.172224] clocksource: Switched to clocksource tsc
[    3.205993] nouveau 0000:01:00.0: DRM: unknown connector type ff
[    3.206440] usb 2-1: New USB device found, idVendor=0424, idProduct=5434, bcdDevice=30.82
[    3.206444] usb 2-1: New USB device strings: Mfr=0, Product=0, SerialNumber=0
[    3.207206] hub 2-1:1.0: USB hub found
[    3.207243] hub 2-1:1.0: 4 ports detected
[    3.264922] [drm] Supports vblank timestamp caching Rev 2 (21.10.2013).
[    3.264924] [drm] Driver supports precise vblank timestamp query.
[    3.265637] nouveau 0000:01:00.0: DRM: MM: using COPY for buffer copies
[    3.336037] usb 2-5: new full-speed USB device number 3 using xhci_hcd
[    3.358745] ata3: SATA link down (SStatus 0 SControl 300)
[    3.485692] usb 2-5: New USB device found, idVendor=138a, idProduct=003f, bcdDevice= 1.04
[    3.485694] usb 2-5: New USB device strings: Mfr=0, Product=0, SerialNumber=1
[    3.485695] usb 2-5: SerialNumber: 00b0f6d84595
[    3.564118] usb 2-1.1: new low-speed USB device number 4 using xhci_hcd
[    3.586288] nouveau 0000:01:00.0: DRM: allocated 2560x1080 fb: 0x80000, bo 00000000062a4e55
[    3.586346] fbcon: nouveaufb (fb0) is primary device
[    3.640250] input: PS/2 Generic Mouse as /devices/platform/i8042/serio2/input/input10
[    3.667739] usb 2-1.1: New USB device found, idVendor=18f8, idProduct=0f99, bcdDevice= 1.00
[    3.667740] usb 2-1.1: New USB device strings: Mfr=0, Product=1, SerialNumber=0
[    3.667741] usb 2-1.1: Product: USB OPTICAL MOUSE 
[    3.670547] ata4: SATA link down (SStatus 0 SControl 300)
[    3.676904] sd 0:0:0:0: [sda] 500118192 512-byte logical blocks: (256 GB/238 GiB)
[    3.676910] sd 0:0:0:0: [sda] Write Protect is off
[    3.676911] sd 0:0:0:0: [sda] Mode Sense: 00 3a 00 00
[    3.676918] sd 0:0:0:0: [sda] Write cache: enabled, read cache: enabled, doesn't support DPO or FUA
[    3.678982]  sda: sda1 sda2 < sda5 >
[    3.679309] sd 0:0:0:0: [sda] supports TCG Opal
[    3.679310] sd 0:0:0:0: [sda] Attached SCSI disk
[    3.701158] Console: switching to colour frame buffer device 240x67
[    3.703713] nouveau 0000:01:00.0: fb0: nouveaufb frame buffer device
[    3.724134] [drm] Initialized nouveau 1.3.1 20120801 for 0000:01:00.0 on minor 0
[    3.792114] usb 2-7: new high-speed USB device number 5 using xhci_hcd
[    4.020122] usb 2-1.2: new low-speed USB device number 6 using xhci_hcd
[    4.023336] usb 2-7: New USB device found, idVendor=05c8, idProduct=0369, bcdDevice= 1.08
[    4.023340] usb 2-7: New USB device strings: Mfr=1, Product=2, SerialNumber=0
[    4.023342] usb 2-7: Product: HP HD Webcam
[    4.023343] usb 2-7: Manufacturer: SunplusIT INC.
[    4.126109] usb 2-1.2: New USB device found, idVendor=413c, idProduct=2107, bcdDevice= 1.78
[    4.126114] usb 2-1.2: New USB device strings: Mfr=1, Product=2, SerialNumber=0
[    4.126116] usb 2-1.2: Product: Dell USB Entry Keyboard
[    4.126118] usb 2-1.2: Manufacturer: DELL
[    4.248124] usb 2-12: new full-speed USB device number 7 using xhci_hcd
[    4.400153] usb 2-12: New USB device found, idVendor=8087, idProduct=07da, bcdDevice=78.69
[    4.400157] usb 2-12: New USB device strings: Mfr=0, Product=0, SerialNumber=0
[    4.414576] hidraw: raw HID events driver (C) Jiri Kosina
[    4.423421] usbcore: registered new interface driver usbhid
[    4.423423] usbhid: USB HID core driver
[    4.425092] input: USB OPTICAL MOUSE  as /devices/pci0000:00/0000:00:14.0/usb2/2-1/2-1.1/2-1.1:1.0/0003:18F8:0F99.0001/input/input12
[    4.425169] hid-generic 0003:18F8:0F99.0001: input,hidraw0: USB HID v1.10 Mouse [USB OPTICAL MOUSE ] on usb-0000:00:14.0-1.1/input0
[    4.425356] input: USB OPTICAL MOUSE  Keyboard as /devices/pci0000:00/0000:00:14.0/usb2/2-1/2-1.1/2-1.1:1.1/0003:18F8:0F99.0002/input/input13
[    4.445465] psmouse serio3: synaptics: queried max coordinates: x [..5660], y [..4730]
[    4.479960] psmouse serio3: synaptics: queried min coordinates: x [1324..], y [1248..]
[    4.479969] psmouse serio3: synaptics: Your touchpad (PNP: SYN300a SYN0100 SYN0002 PNP0f13) says it can support a different bus. If i2c-hid and hid-rmi are not used, you might want to try setting psmouse.synaptics_intertouch to 1 and report this to linux-input@vger.kernel.org.
[    4.484215] input: USB OPTICAL MOUSE  Consumer Control as /devices/pci0000:00/0000:00:14.0/usb2/2-1/2-1.1/2-1.1:1.1/0003:18F8:0F99.0002/input/input14
[    4.484402] hid-generic 0003:18F8:0F99.0002: input,hiddev0,hidraw1: USB HID v1.10 Keyboard [USB OPTICAL MOUSE ] on usb-0000:00:14.0-1.1/input1
[    4.484680] input: DELL Dell USB Entry Keyboard as /devices/pci0000:00/0000:00:14.0/usb2/2-1/2-1.2/2-1.2:1.0/0003:413C:2107.0003/input/input16
[    4.540083] psmouse serio3: synaptics: Touchpad model: 1, fw: 8.1, id: 0x1e2b1, caps: 0xd40123/0x840300/0x26800/0x0, board id: 2706, fw id: 1486004
[    4.544527] hid-generic 0003:413C:2107.0003: input,hidraw2: USB HID v1.10 Keyboard [DELL Dell USB Entry Keyboard] on usb-0000:00:14.0-1.2/input0
[    4.578286] input: SynPS/2 Synaptics TouchPad as /devices/platform/i8042/serio3/input/input11
[    4.593899] PM: Image not found (code -22)
[    4.898071] EXT4-fs (sda1): mounted filesystem with ordered data mode. Opts: (null)
[    5.018202] systemd[1]: Inserted module 'autofs4'
[    5.030931] systemd[1]: systemd 241 running in system mode. (+PAM +AUDIT +SELINUX +IMA +APPARMOR +SMACK +SYSVINIT +UTMP +LIBCRYPTSETUP +GCRYPT +GNUTLS +ACL +XZ +LZ4 +SECCOMP +BLKID +ELFUTILS +KMOD -IDN2 +IDN -PCRE2 default-hierarchy=hybrid)
[    5.048208] systemd[1]: Detected architecture x86-64.
[    5.051128] systemd[1]: Set hostname to <HQ2>.
[    5.158340] systemd[1]: Listening on Journal Socket (/dev/log).
[    5.158378] systemd[1]: Reached target User and Group Name Lookups.
[    5.159199] systemd[1]: Created slice system-tor.slice.
[    5.159280] systemd[1]: Listening on Journal Socket.
[    5.159949] systemd[1]: Starting Set the console keyboard layout...
[    5.160031] systemd[1]: Started Forward Password Requests to Wall Directory Watch.
[    5.160113] systemd[1]: Listening on Syslog Socket.
[    5.182438] lp: driver loaded but no devices found
[    5.187605] EXT4-fs (sda1): re-mounted. Opts: errors=remount-ro
[    5.197728] ppdev: user-space parallel port driver
[    5.200525] parport_pc 00:06: reported by Plug and Play ACPI
[    5.200599] parport0: PC-style at 0x378 (0x778), irq 5 [PCSPP,TRISTATE,EPP]
[    5.280364] loop: module loaded
[    5.296292] lp0: using parport0 (interrupt-driven).
[    5.312288] squashfs: version 4.0 (2009/01/31) Phillip Lougher
[    5.330278] systemd-journald[325]: Received request to flush runtime journal from PID 1
[    5.359828] ACPI: AC Adapter [AC] (on-line)
[    5.360239] input: HP Wireless hotkeys as /devices/virtual/input/input18
[    5.368545] hp_accel: hardware type HPZBook15 found
[    5.435499] audit: type=1400 audit(1642405685.557:2): apparmor="STATUS" operation="profile_load" profile="unconfined" name="nvidia_modprobe" pid=424 comm="apparmor_parser"
[    5.435503] audit: type=1400 audit(1642405685.557:3): apparmor="STATUS" operation="profile_load" profile="unconfined" name="nvidia_modprobe//kmod" pid=424 comm="apparmor_parser"
[    5.435580] audit: type=1400 audit(1642405685.557:4): apparmor="STATUS" operation="profile_load" profile="unconfined" name="libreoffice-oopslash" pid=423 comm="apparmor_parser"
[    5.439799] audit: type=1400 audit(1642405685.561:5): apparmor="STATUS" operation="profile_load" profile="unconfined" name="/usr/sbin/haveged" pid=428 comm="apparmor_parser"
[    5.444110] audit: type=1400 audit(1642405685.569:6): apparmor="STATUS" operation="profile_load" profile="unconfined" name="/usr/lib/cups/backend/cups-pdf" pid=422 comm="apparmor_parser"
[    5.444114] audit: type=1400 audit(1642405685.569:7): apparmor="STATUS" operation="profile_load" profile="unconfined" name="/usr/sbin/cupsd" pid=422 comm="apparmor_parser"
[    5.444116] audit: type=1400 audit(1642405685.569:8): apparmor="STATUS" operation="profile_load" profile="unconfined" name="/usr/sbin/cupsd//third_party" pid=422 comm="apparmor_parser"
[    5.444788] audit: type=1400 audit(1642405685.569:9): apparmor="STATUS" operation="profile_load" profile="unconfined" name="/usr/sbin/cups-browsed" pid=425 comm="apparmor_parser"
[    5.445598] audit: type=1400 audit(1642405685.569:10): apparmor="STATUS" operation="profile_load" profile="unconfined" name="libreoffice-xpdfimport" pid=430 comm="apparmor_parser"
[    5.447084] EDAC ie31200: No ECC support
[    5.447113] EDAC ie31200: No ECC support
[    5.448665] audit: type=1400 audit(1642405685.573:11): apparmor="STATUS" operation="profile_load" profile="unconfined" name="libreoffice-senddoc" pid=435 comm="apparmor_parser"
[    5.505620] iTCO_vendor_support: vendor-support=0
[    5.506882] iTCO_wdt: Intel TCO WatchDog Timer Driver v1.11
[    5.506934] iTCO_wdt: Found a Lynx Point TCO device (Version=2, TCOBASE=0x1860)
[    5.511788] iTCO_wdt: initialized. heartbeat=30 sec (nowayout=0)
[    5.512123] lis3lv02d: 8 bits 3DC sensor found
[    5.529509] sd 0:0:0:0: Attached scsi generic sg0 type 0
[    5.579766] media: Linux media interface: v0.10
[    5.583704] input: PC Speaker as /devices/platform/pcspkr/input/input20
[    5.608446] input: HP WMI hotkeys as /devices/virtual/input/input19
[    5.611195] RAPL PMU: API unit is 2^-32 Joules, 4 fixed counters, 655360 ms ovfl timer
[    5.611196] RAPL PMU: hw unit of domain pp0-core 2^-14 Joules
[    5.611197] RAPL PMU: hw unit of domain package 2^-14 Joules
[    5.611198] RAPL PMU: hw unit of domain dram 2^-14 Joules
[    5.611198] RAPL PMU: hw unit of domain pp1-gpu 2^-14 Joules
[    5.615845] alg: No test for fips(ansi_cprng) (fips_ansi_cprng)
[    5.623827] videodev: Linux video capture interface: v2.00
[    5.658492] snd_hda_intel 0000:01:00.1: Disabling MSI
[    5.658501] snd_hda_intel 0000:01:00.1: Handle vga_switcheroo audio client
[    5.670690] Intel(R) Wireless WiFi driver for Linux
[    5.670691] Copyright(c) 2003- 2015 Intel Corporation
[    5.670926] iwlwifi 0000:5c:00.0: can't disable ASPM; OS doesn't have ASPM control
[    5.675523] battery: ACPI: Battery Slot [BAT0] (battery present)
[    5.675607] battery: ACPI: Battery Slot [BAT1] (battery absent)
[    5.682104] snd_hda_codec_idt hdaudioC0D0: autoconfig for 92HD91BXX: line_outs=1 (0xa/0x0/0x0/0x0/0x0) type:line
[    5.682107] snd_hda_codec_idt hdaudioC0D0:    speaker_outs=1 (0xd/0x0/0x0/0x0/0x0)
[    5.682109] snd_hda_codec_idt hdaudioC0D0:    hp_outs=1 (0xb/0x0/0x0/0x0/0x0)
[    5.682110] snd_hda_codec_idt hdaudioC0D0:    mono: mono_out=0x0
[    5.682111] snd_hda_codec_idt hdaudioC0D0:    inputs:
[    5.682113] snd_hda_codec_idt hdaudioC0D0:      Mic=0xc
[    5.682114] snd_hda_codec_idt hdaudioC0D0:      Internal Mic=0x11
[    5.682115] snd_hda_codec_idt hdaudioC0D0:      Line=0xf
[    5.684339] iwlwifi 0000:5c:00.0: firmware: direct-loading firmware iwlwifi-6000g2b-6.ucode
[    5.684634] iwlwifi 0000:5c:00.0: loaded firmware version 18.168.6.1 op_mode iwldvm
[    5.718087] wl: loading out-of-tree module taints kernel.
[    5.718092] wl: module license 'MIXED/Proprietary' taints kernel.
[    5.718093] Disabling lock debugging due to kernel taint
[    5.728385] Adding 8183804k swap on /dev/sda5.  Priority:-2 extents:1 across:8183804k SSFS
[    5.735067] wl: module verification failed: signature and/or required key missing - tainting kernel
[    5.745465] input: HDA Digital PCBeep as /devices/pci0000:00/0000:00:1b.0/sound/card0/input21
[    5.746043] input: HDA Intel PCH Mic as /devices/pci0000:00/0000:00:1b.0/sound/card0/input22
[    5.746091] input: HDA Intel PCH Line as /devices/pci0000:00/0000:00:1b.0/sound/card0/input23
[    5.746139] input: HDA Intel PCH Dock Line Out as /devices/pci0000:00/0000:00:1b.0/sound/card0/input24
[    5.746184] input: HDA Intel PCH Headphone as /devices/pci0000:00/0000:00:1b.0/sound/card0/input25
[    5.758844] iwlwifi 0000:5c:00.0: CONFIG_IWLWIFI_DEBUG disabled
[    5.758846] iwlwifi 0000:5c:00.0: CONFIG_IWLWIFI_DEBUGFS disabled
[    5.758847] iwlwifi 0000:5c:00.0: CONFIG_IWLWIFI_DEVICE_TRACING disabled
[    5.758848] iwlwifi 0000:5c:00.0: Detected Intel(R) Centrino(R) Advanced-N 6235 AGN, REV=0xB0
[    5.779039] Bluetooth: Core ver 2.22
[    5.779065] NET: Registered protocol family 31
[    5.779066] Bluetooth: HCI device and connection manager initialized
[    5.779069] Bluetooth: HCI socket layer initialized
[    5.779070] Bluetooth: L2CAP socket layer initialized
[    5.779079] Bluetooth: SCO socket layer initialized
[    5.809876] ieee80211 phy0: Selected rate control algorithm 'iwl-agn-rs'
[    5.841776] uvcvideo: Found UVC 1.00 device HP HD Webcam (05c8:0369)
[    5.869704] input: HP HD Webcam: HP HD Webcam as /devices/pci0000:00/0000:00:14.0/usb2/2-7/2-7:1.0/input/input26
[    5.869863] usbcore: registered new interface driver uvcvideo
[    5.869864] USB Video Class driver (1.1.1)
[    5.931296] usbcore: registered new interface driver btusb
[    5.940054] Bluetooth: hci0: unexpected event for opcode 0x0000
[    5.952555] Process accounting resumed
[    6.749426] iwlwifi 0000:5c:00.0 wlo1: renamed from wlan0
[    6.775934] kvm: disabled by bios
[    6.881666] kvm: disabled by bios
[    6.882004] Bluetooth: BNEP (Ethernet Emulation) ver 1.3
[    6.882005] Bluetooth: BNEP filters: protocol multicast
[    6.882008] Bluetooth: BNEP socket layer initialized
[    6.939477] kvm: disabled by bios
[    6.980255] IPv6: ADDRCONF(NETDEV_UP): enp0s25: link is not ready
[    7.006963] kvm: disabled by bios
[    7.072085] input: ST LIS3LV02DL Accelerometer as /devices/platform/lis3lv02d/input/input30
[    7.075255] intel_rapl: Found RAPL domain package
[    7.075257] intel_rapl: Found RAPL domain core
[    7.075258] intel_rapl: Found RAPL domain dram
[    7.192221] IPv6: ADDRCONF(NETDEV_UP): enp0s25: link is not ready
[    7.205998] IPv6: ADDRCONF(NETDEV_UP): wlo1: link is not ready
[    7.220054] iwlwifi 0000:5c:00.0: Radio type=0x2-0x1-0x0
[    7.462134] vboxdrv: Found 4 processor cores
[    7.496337] vboxdrv: TSC mode is Invariant, tentative frequency 2793533632 Hz
[    7.496339] vboxdrv: Successfully loaded version 6.1.14 (interface 0x002e0000)
[    7.543076] iwlwifi 0000:5c:00.0: Radio type=0x2-0x1-0x0
[    7.581484] input: HDA NVidia HDMI/DP,pcm=3 as /devices/pci0000:00/0000:00:01.0/0000:01:00.1/sound/card1/input27
[    7.581540] input: HDA NVidia HDMI/DP,pcm=7 as /devices/pci0000:00/0000:00:01.0/0000:01:00.1/sound/card1/input28
[    7.581586] input: HDA NVidia HDMI/DP,pcm=8 as /devices/pci0000:00/0000:00:01.0/0000:01:00.1/sound/card1/input29
[    7.704732] VBoxNetFlt: Successfully started.
[    7.713912] VBoxNetAdp: Successfully started.
[    7.743191] IPv6: ADDRCONF(NETDEV_UP): wlo1: link is not ready
[    7.788441] iwlwifi 0000:5c:00.0: Radio type=0x2-0x1-0x0
[    8.089184] iwlwifi 0000:5c:00.0: Radio type=0x2-0x1-0x0
[    8.173294] IPv6: ADDRCONF(NETDEV_UP): wlo1: link is not ready
[    8.239758] IPv6: ADDRCONF(NETDEV_UP): wlo1: link is not ready
[   10.694549] e1000e: enp0s25 NIC Link is Up 1000 Mbps Full Duplex, Flow Control: Rx/Tx
[   10.694607] IPv6: ADDRCONF(NETDEV_CHANGE): enp0s25: link becomes ready
[   11.751258] kauditd_printk_skb: 23 callbacks suppressed
[   11.751260] audit: type=1400 audit(1642405691.873:35): apparmor="STATUS" operation="profile_load" profile="unconfined" name="docker-default" pid=1441 comm="apparmor_parser"
[   11.825632] bridge: filtering via arp/ip/ip6tables is no longer available by default. Update your scripts to load br_netfilter if you need this.
[   11.827701] Bridge firewalling registered
[   12.005976] Initializing XFRM netlink socket
[   12.064935] IPv6: ADDRCONF(NETDEV_UP): docker0: link is not ready
[   14.535436] fuse init (API version 7.27)
[   15.093765] iwlwifi 0000:5c:00.0: Radio type=0x2-0x1-0x0
[   15.401387] iwlwifi 0000:5c:00.0: Radio type=0x2-0x1-0x0
[   15.489250] IPv6: ADDRCONF(NETDEV_UP): wlo1: link is not ready
[   15.980030] snd_hda_codec_hdmi hdaudioC1D0: HDMI: invalid ELD data byte 25
[   18.599774] wlo1: authenticate with 84:24:8d:bb:dc:e0
[   18.602858] wlo1: send auth to 84:24:8d:bb:dc:e0 (try 1/3)
[   18.685957] wlo1: authenticated
[   18.692036] wlo1: associate with 84:24:8d:bb:dc:e0 (try 1/3)
[   18.694093] wlo1: RX AssocResp from 84:24:8d:bb:dc:e0 (capab=0x1011 status=0 aid=1)
[   18.712253] wlo1: associated
[   18.787362] wlo1: Limiting TX power to 30 (30 - 0) dBm as advertised by 84:24:8d:bb:dc:e0
[   19.839763] Bluetooth: RFCOMM TTY layer initialized
[   19.839768] Bluetooth: RFCOMM socket layer initialized
[   19.839774] Bluetooth: RFCOMM ver 1.11
[   20.061498] IPv6: ADDRCONF(NETDEV_CHANGE): wlo1: link becomes ready
[   53.903579] wlo1: disconnect from AP 84:24:8d:bb:dc:e0 for new auth to 84:24:8d:bc:23:40
[   53.921730] wlo1: authenticate with 84:24:8d:bc:23:40
[   53.923650] wlo1: send auth to 84:24:8d:bc:23:40 (try 1/3)
[   53.927880] wlo1: authenticated
[   53.932029] wlo1: associate with 84:24:8d:bc:23:40 (try 1/3)
[   53.934058] wlo1: RX ReassocResp from 84:24:8d:bc:23:40 (capab=0x1011 status=0 aid=1)
[   53.952165] wlo1: associated
[   53.994854] wlo1: Limiting TX power to 30 (30 - 0) dBm as advertised by 84:24:8d:bc:23:40
[  141.908799] audit: type=1400 audit(1642405822.564:36): apparmor="DENIED" operation="mknod" profile="/usr/bin/evince-thumbnailer" name="/home/etudiant/.cache/thumbnails/normal/bfb5d806f1d8353fbcec53550872a985.png" pid=4386 comm="evince-thumbnai" requested_mask="c" denied_mask="c" fsuid=1000 ouid=1000
[  156.206665] wlo1: disconnect from AP 84:24:8d:bc:23:40 for new auth to 84:24:8d:bb:49:e0
[  156.225561] wlo1: authenticate with 84:24:8d:bb:49:e0
[  156.229934] wlo1: send auth to 84:24:8d:bb:49:e0 (try 1/3)
[  156.235721] wlo1: authenticated
[  156.236605] wlo1: associate with 84:24:8d:bb:49:e0 (try 1/3)
[  156.240641] wlo1: RX ReassocResp from 84:24:8d:bb:49:e0 (capab=0x1411 status=0 aid=1)
[  156.259963] wlo1: associated
[  156.349596] wlo1: Limiting TX power to 30 (30 - 0) dBm as advertised by 84:24:8d:bb:49:e0
[  167.211257] audit: type=1400 audit(1642405847.863:37): apparmor="DENIED" operation="mknod" profile="/usr/bin/evince-thumbnailer" name="/home/etudiant/.cache/thumbnails/normal/bfb5d806f1d8353fbcec53550872a985.png" pid=4477 comm="evince-thumbnai" requested_mask="c" denied_mask="c" fsuid=1000 ouid=1000
[  171.982232] audit: type=1400 audit(1642405852.635:38): apparmor="DENIED" operation="mknod" profile="/usr/bin/evince-thumbnailer" name="/home/etudiant/.cache/thumbnails/normal/0f87d1000f64859f05a583fd6a8ea598.png" pid=4490 comm="evince-thumbnai" requested_mask="c" denied_mask="c" fsuid=1000 ouid=1000
[  174.656847] audit: type=1400 audit(1642405855.311:39): apparmor="DENIED" operation="mknod" profile="/usr/bin/evince-thumbnailer" name="/home/etudiant/.cache/thumbnails/normal/6f1a13785bdff42a83eea9d558218053.png" pid=4498 comm="evince-thumbnai" requested_mask="c" denied_mask="c" fsuid=1000 ouid=1000
[  174.713551] audit: type=1400 audit(1642405855.367:40): apparmor="DENIED" operation="mknod" profile="/usr/bin/evince-thumbnailer" name="/home/etudiant/.cache/thumbnails/normal/8b11a670751e79dd053e96fffc28a1c0.png" pid=4503 comm="evince-thumbnai" requested_mask="c" denied_mask="c" fsuid=1000 ouid=1000
[  174.768204] audit: type=1400 audit(1642405855.419:41): apparmor="DENIED" operation="mknod" profile="/usr/bin/evince-thumbnailer" name="/home/etudiant/.cache/thumbnails/normal/534b761081c45693005795321bde08ed.png" pid=4507 comm="evince-thumbnai" requested_mask="c" denied_mask="c" fsuid=1000 ouid=1000
[  174.825940] audit: type=1400 audit(1642405855.479:42): apparmor="DENIED" operation="mknod" profile="/usr/bin/evince-thumbnailer" name="/home/etudiant/.cache/thumbnails/normal/24dada6933768717520d11420ac19e7b.png" pid=4511 comm="evince-thumbnai" requested_mask="c" denied_mask="c" fsuid=1000 ouid=1000
[  174.883491] audit: type=1400 audit(1642405855.535:43): apparmor="DENIED" operation="mknod" profile="/usr/bin/evince-thumbnailer" name="/home/etudiant/.cache/thumbnails/normal/e5db1c036378a8a4da89723fcce03aaf.png" pid=4515 comm="evince-thumbnai" requested_mask="c" denied_mask="c" fsuid=1000 ouid=1000
[  174.939731] audit: type=1400 audit(1642405855.591:44): apparmor="DENIED" operation="mknod" profile="/usr/bin/evince-thumbnailer" name="/home/etudiant/.cache/thumbnails/normal/db7fa70cf27f3b9ca83bd369b10b065d.png" pid=4519 comm="evince-thumbnai" requested_mask="c" denied_mask="c" fsuid=1000 ouid=1000
[  174.994036] audit: type=1400 audit(1642405855.647:45): apparmor="DENIED" operation="mknod" profile="/usr/bin/evince-thumbnailer" name="/home/etudiant/.cache/thumbnails/normal/3883e478ccc9cb71ed1642c850a2593d.png" pid=4523 comm="evince-thumbnai" requested_mask="c" denied_mask="c" fsuid=1000 ouid=1000
[  175.048368] audit: type=1400 audit(1642405855.699:46): apparmor="DENIED" operation="mknod" profile="/usr/bin/evince-thumbnailer" name="/home/etudiant/.cache/thumbnails/normal/5a88fc31b6ecc255e10b7aa0773a024c.png" pid=4527 comm="evince-thumbnai" requested_mask="c" denied_mask="c" fsuid=1000 ouid=1000
[  175.108298] audit: type=1400 audit(1642405855.759:47): apparmor="DENIED" operation="mknod" profile="/usr/bin/evince-thumbnailer" name="/home/etudiant/.cache/thumbnails/normal/59b84b7f408ef18fbdf9cba003969f94.png" pid=4531 comm="evince-thumbnai" requested_mask="c" denied_mask="c" fsuid=1000 ouid=1000
[  175.165317] audit: type=1400 audit(1642405855.819:48): apparmor="DENIED" operation="mknod" profile="/usr/bin/evince-thumbnailer" name="/home/etudiant/.cache/thumbnails/normal/f87198894e63cf701d2e30a336f99637.png" pid=4535 comm="evince-thumbnai" requested_mask="c" denied_mask="c" fsuid=1000 ouid=1000
[  182.266383] kauditd_printk_skb: 2 callbacks suppressed
[  182.266386] audit: type=1400 audit(1642405862.919:51): apparmor="DENIED" operation="mknod" profile="/usr/bin/evince-thumbnailer" name="/home/etudiant/.cache/thumbnails/normal/e2c824af1cdf386f54e5e36337fce3e9.png" pid=4554 comm="evince-thumbnai" requested_mask="c" denied_mask="c" fsuid=1000 ouid=1000
[  182.351510] audit: type=1400 audit(1642405863.003:52): apparmor="DENIED" operation="mknod" profile="/usr/bin/evince-thumbnailer" name="/home/etudiant/.cache/thumbnails/normal/076d68c88bc058cb4c2bcbcd35978029.png" pid=4559 comm="evince-thumbnai" requested_mask="c" denied_mask="c" fsuid=1000 ouid=1000
[  182.420237] audit: type=1400 audit(1642405863.071:53): apparmor="DENIED" operation="mknod" profile="/usr/bin/evince-thumbnailer" name="/home/etudiant/.cache/thumbnails/normal/ef03cb40c39539a116f3101cd5cad71f.png" pid=4563 comm="evince-thumbnai" requested_mask="c" denied_mask="c" fsuid=1000 ouid=1000
[  182.509696] audit: type=1400 audit(1642405863.163:54): apparmor="DENIED" operation="mknod" profile="/usr/bin/evince-thumbnailer" name="/home/etudiant/.cache/thumbnails/normal/529e1a4a046592c1a6e42f6e63de2a05.png" pid=4567 comm="evince-thumbnai" requested_mask="c" denied_mask="c" fsuid=1000 ouid=1000
[  224.912223] wlo1: disconnect from AP 84:24:8d:bb:49:e0 for new auth to 84:24:8d:bc:23:40
[  224.930808] wlo1: authenticate with 84:24:8d:bc:23:40
[  224.934030] wlo1: send auth to 84:24:8d:bc:23:40 (try 1/3)
[  225.026607] wlo1: authenticated
[  225.028942] wlo1: associate with 84:24:8d:bc:23:40 (try 1/3)
[  225.030284] wlo1: RX ReassocResp from 84:24:8d:bc:23:40 (capab=0x1011 status=0 aid=1)
[  225.048661] wlo1: associated
[  225.123265] wlo1: Limiting TX power to 30 (30 - 0) dBm as advertised by 84:24:8d:bc:23:40
[  259.425312] wlo1: disconnect from AP 84:24:8d:bc:23:40 for new auth to 84:24:8d:bb:49:e0
[  259.443333] wlo1: authenticate with 84:24:8d:bb:49:e0
[  259.446488] wlo1: send auth to 84:24:8d:bb:49:e0 (try 1/3)
[  259.449545] wlo1: authenticated
[  259.452978] wlo1: associate with 84:24:8d:bb:49:e0 (try 1/3)
[  259.461291] wlo1: RX ReassocResp from 84:24:8d:bb:49:e0 (capab=0x1411 status=0 aid=1)
[  259.480462] wlo1: associated
[  259.571171] wlo1: Limiting TX power to 30 (30 - 0) dBm as advertised by 84:24:8d:bb:49:e0
[  305.984184] Process accounting resumed
[  328.034565] wlo1: disconnect from AP 84:24:8d:bb:49:e0 for new auth to 84:24:8d:bc:23:40
[  328.053093] wlo1: authenticate with 84:24:8d:bc:23:40
[  328.056156] wlo1: send auth to 84:24:8d:bc:23:40 (try 1/3)
[  328.146028] wlo1: authenticated
[  328.149646] wlo1: associate with 84:24:8d:bc:23:40 (try 1/3)
[  328.150955] wlo1: RX ReassocResp from 84:24:8d:bc:23:40 (capab=0x1011 status=0 aid=1)
[  328.169117] wlo1: associated
[  328.242183] wlo1: Limiting TX power to 30 (30 - 0) dBm as advertised by 84:24:8d:bc:23:40
[  579.673823] audit: type=1400 audit(1642406260.325:55): apparmor="DENIED" operation="mknod" profile="/usr/bin/evince-thumbnailer" name="/home/etudiant/.cache/thumbnails/normal/0f87d1000f64859f05a583fd6a8ea598.png" pid=5288 comm="evince-thumbnai" requested_mask="c" denied_mask="c" fsuid=1000 ouid=1000
[  701.258274] wlo1: disconnect from AP 84:24:8d:bc:23:40 for new auth to 84:24:8d:bb:dc:e0
[  701.276502] wlo1: authenticate with 84:24:8d:bb:dc:e0
[  701.278996] wlo1: send auth to 84:24:8d:bb:dc:e0 (try 1/3)
[  701.279665] wlo1: authenticated
[  701.283832] wlo1: associate with 84:24:8d:bb:dc:e0 (try 1/3)
[  701.285154] wlo1: RX ReassocResp from 84:24:8d:bb:dc:e0 (capab=0x1011 status=0 aid=1)
[  701.303468] wlo1: associated
[  701.401754] wlo1: Limiting TX power to 30 (30 - 0) dBm as advertised by 84:24:8d:bb:dc:e0
[  730.911486] audit: type=1400 audit(1642406411.560:56): apparmor="DENIED" operation="mknod" profile="/usr/bin/evince-thumbnailer" name="/home/etudiant/.cache/thumbnails/normal/0f87d1000f64859f05a583fd6a8ea598.png" pid=5431 comm="evince-thumbnai" requested_mask="c" denied_mask="c" fsuid=1000 ouid=1000
[  757.363759] audit: type=1400 audit(1642406438.012:57): apparmor="DENIED" operation="mknod" profile="/usr/bin/evince-thumbnailer" name="/home/etudiant/.cache/thumbnails/normal/0f87d1000f64859f05a583fd6a8ea598.png" pid=5454 comm="evince-thumbnai" requested_mask="c" denied_mask="c" fsuid=1000 ouid=1000
[  761.162278] audit: type=1400 audit(1642406441.812:58): apparmor="DENIED" operation="mknod" profile="/usr/bin/evince-thumbnailer" name="/home/etudiant/.cache/thumbnails/normal/6f1a13785bdff42a83eea9d558218053.png" pid=5463 comm="evince-thumbnai" requested_mask="c" denied_mask="c" fsuid=1000 ouid=1000
[  761.212280] audit: type=1400 audit(1642406441.864:59): apparmor="DENIED" operation="mknod" profile="/usr/bin/evince-thumbnailer" name="/home/etudiant/.cache/thumbnails/normal/8b11a670751e79dd053e96fffc28a1c0.png" pid=5468 comm="evince-thumbnai" requested_mask="c" denied_mask="c" fsuid=1000 ouid=1000
[  761.265282] audit: type=1400 audit(1642406441.916:60): apparmor="DENIED" operation="mknod" profile="/usr/bin/evince-thumbnailer" name="/home/etudiant/.cache/thumbnails/normal/534b761081c45693005795321bde08ed.png" pid=5472 comm="evince-thumbnai" requested_mask="c" denied_mask="c" fsuid=1000 ouid=1000
[  761.315740] audit: type=1400 audit(1642406441.964:61): apparmor="DENIED" operation="mknod" profile="/usr/bin/evince-thumbnailer" name="/home/etudiant/.cache/thumbnails/normal/24dada6933768717520d11420ac19e7b.png" pid=5476 comm="evince-thumbnai" requested_mask="c" denied_mask="c" fsuid=1000 ouid=1000
[  761.368362] audit: type=1400 audit(1642406442.020:62): apparmor="DENIED" operation="mknod" profile="/usr/bin/evince-thumbnailer" name="/home/etudiant/.cache/thumbnails/normal/e5db1c036378a8a4da89723fcce03aaf.png" pid=5480 comm="evince-thumbnai" requested_mask="c" denied_mask="c" fsuid=1000 ouid=1000
[  761.419956] audit: type=1400 audit(1642406442.068:63): apparmor="DENIED" operation="mknod" profile="/usr/bin/evince-thumbnailer" name="/home/etudiant/.cache/thumbnails/normal/db7fa70cf27f3b9ca83bd369b10b065d.png" pid=5484 comm="evince-thumbnai" requested_mask="c" denied_mask="c" fsuid=1000 ouid=1000
[  761.469050] audit: type=1400 audit(1642406442.120:64): apparmor="DENIED" operation="mknod" profile="/usr/bin/evince-thumbnailer" name="/home/etudiant/.cache/thumbnails/normal/3883e478ccc9cb71ed1642c850a2593d.png" pid=5488 comm="evince-thumbnai" requested_mask="c" denied_mask="c" fsuid=1000 ouid=1000
[  761.521410] audit: type=1400 audit(1642406442.172:65): apparmor="DENIED" operation="mknod" profile="/usr/bin/evince-thumbnailer" name="/home/etudiant/.cache/thumbnails/normal/5a88fc31b6ecc255e10b7aa0773a024c.png" pid=5492 comm="evince-thumbnai" requested_mask="c" denied_mask="c" fsuid=1000 ouid=1000
[  761.573002] audit: type=1400 audit(1642406442.224:66): apparmor="DENIED" operation="mknod" profile="/usr/bin/evince-thumbnailer" name="/home/etudiant/.cache/thumbnails/normal/59b84b7f408ef18fbdf9cba003969f94.png" pid=5496 comm="evince-thumbnai" requested_mask="c" denied_mask="c" fsuid=1000 ouid=1000
[  762.861055] kauditd_printk_skb: 2 callbacks suppressed
[  762.861057] audit: type=1400 audit(1642406443.512:69): apparmor="DENIED" operation="mknod" profile="/usr/bin/evince-thumbnailer" name="/home/etudiant/.cache/thumbnails/normal/0f87d1000f64859f05a583fd6a8ea598.png" pid=5511 comm="evince-thumbnai" requested_mask="c" denied_mask="c" fsuid=1000 ouid=1000
[  767.343254] audit: type=1400 audit(1642406447.992:70): apparmor="DENIED" operation="mknod" profile="/usr/bin/evince-thumbnailer" name="/home/etudiant/.cache/thumbnails/normal/0f87d1000f64859f05a583fd6a8ea598.png" pid=5522 comm="evince-thumbnai" requested_mask="c" denied_mask="c" fsuid=1000 ouid=1000
[  770.678672] audit: type=1400 audit(1642406451.328:71): apparmor="DENIED" operation="mknod" profile="/usr/bin/evince-thumbnailer" name="/home/etudiant/.cache/thumbnails/normal/e2c824af1cdf386f54e5e36337fce3e9.png" pid=5530 comm="evince-thumbnai" requested_mask="c" denied_mask="c" fsuid=1000 ouid=1000
[  770.755050] audit: type=1400 audit(1642406451.404:72): apparmor="DENIED" operation="mknod" profile="/usr/bin/evince-thumbnailer" name="/home/etudiant/.cache/thumbnails/normal/076d68c88bc058cb4c2bcbcd35978029.png" pid=5535 comm="evince-thumbnai" requested_mask="c" denied_mask="c" fsuid=1000 ouid=1000
[  770.822315] audit: type=1400 audit(1642406451.472:73): apparmor="DENIED" operation="mknod" profile="/usr/bin/evince-thumbnailer" name="/home/etudiant/.cache/thumbnails/normal/ef03cb40c39539a116f3101cd5cad71f.png" pid=5539 comm="evince-thumbnai" requested_mask="c" denied_mask="c" fsuid=1000 ouid=1000
[  770.902547] audit: type=1400 audit(1642406451.552:74): apparmor="DENIED" operation="mknod" profile="/usr/bin/evince-thumbnailer" name="/home/etudiant/.cache/thumbnails/normal/529e1a4a046592c1a6e42f6e63de2a05.png" pid=5543 comm="evince-thumbnai" requested_mask="c" denied_mask="c" fsuid=1000 ouid=1000
[  771.798637] audit: type=1400 audit(1642406452.448:75): apparmor="DENIED" operation="mknod" profile="/usr/bin/evince-thumbnailer" name="/home/etudiant/.cache/thumbnails/normal/0f87d1000f64859f05a583fd6a8ea598.png" pid=5550 comm="evince-thumbnai" requested_mask="c" denied_mask="c" fsuid=1000 ouid=1000
[  999.761825] wlo1: disconnect from AP 84:24:8d:bb:dc:e0 for new auth to 84:24:8d:bb:49:e0
[  999.779949] wlo1: authenticate with 84:24:8d:bb:49:e0
[  999.783095] wlo1: send auth to 84:24:8d:bb:49:e0 (try 1/3)
[  999.785666] wlo1: authenticated
[  999.785812] wlo1: waiting for beacon from 84:24:8d:bb:49:e0
[  999.837089] wlo1: associate with 84:24:8d:bb:49:e0 (try 1/3)
[  999.841518] wlo1: RX ReassocResp from 84:24:8d:bb:49:e0 (capab=0x1411 status=0 aid=1)
[  999.860962] wlo1: associated
[  999.939279] wlo1: Limiting TX power to 30 (30 - 0) dBm as advertised by 84:24:8d:bb:49:e0
[ 1015.682765] audit: type=1400 audit(1642406696.335:76): apparmor="DENIED" operation="mknod" profile="/usr/bin/evince-thumbnailer" name="/home/etudiant/.cache/thumbnails/normal/0f87d1000f64859f05a583fd6a8ea598.png" pid=5816 comm="evince-thumbnai" requested_mask="c" denied_mask="c" fsuid=1000 ouid=1000
[ 1018.774589] audit: type=1400 audit(1642406699.427:77): apparmor="DENIED" operation="mknod" profile="/usr/bin/evince-thumbnailer" name="/home/etudiant/.cache/thumbnails/normal/cab2e85b7d6587a8c14c34d2e0637bf8.png" pid=5824 comm="evince-thumbnai" requested_mask="c" denied_mask="c" fsuid=1000 ouid=1000
[ 1018.843816] audit: type=1400 audit(1642406699.495:78): apparmor="DENIED" operation="mknod" profile="/usr/bin/evince-thumbnailer" name="/home/etudiant/.cache/thumbnails/normal/39973cbd7a3a68c4ea19ea1769c5841b.png" pid=5829 comm="evince-thumbnai" requested_mask="c" denied_mask="c" fsuid=1000 ouid=1000
[ 1018.915119] audit: type=1400 audit(1642406699.567:79): apparmor="DENIED" operation="mknod" profile="/usr/bin/evince-thumbnailer" name="/home/etudiant/.cache/thumbnails/normal/8a8652bd984041a6c0df88b653c6361d.png" pid=5833 comm="evince-thumbnai" requested_mask="c" denied_mask="c" fsuid=1000 ouid=1000
[ 1018.982287] audit: type=1400 audit(1642406699.635:80): apparmor="DENIED" operation="mknod" profile="/usr/bin/evince-thumbnailer" name="/home/etudiant/.cache/thumbnails/normal/d6e8d4504e3cfb7ee09a5672409c834d.png" pid=5837 comm="evince-thumbnai" requested_mask="c" denied_mask="c" fsuid=1000 ouid=1000
[ 1019.048973] audit: type=1400 audit(1642406699.699:81): apparmor="DENIED" operation="mknod" profile="/usr/bin/evince-thumbnailer" name="/home/etudiant/.cache/thumbnails/normal/6dead205610eac99c152d896be2c4854.png" pid=5841 comm="evince-thumbnai" requested_mask="c" denied_mask="c" fsuid=1000 ouid=1000
[ 1019.116968] audit: type=1400 audit(1642406699.767:82): apparmor="DENIED" operation="mknod" profile="/usr/bin/evince-thumbnailer" name="/home/etudiant/.cache/thumbnails/normal/59672e482140d7c3fc6c643ccfdadf22.png" pid=5845 comm="evince-thumbnai" requested_mask="c" denied_mask="c" fsuid=1000 ouid=1000
[ 1019.184657] audit: type=1400 audit(1642406699.835:83): apparmor="DENIED" operation="mknod" profile="/usr/bin/evince-thumbnailer" name="/home/etudiant/.cache/thumbnails/normal/8ed11b281f2c1f033af3ed43e52fdb53.png" pid=5849 comm="evince-thumbnai" requested_mask="c" denied_mask="c" fsuid=1000 ouid=1000
[ 1019.272094] audit: type=1400 audit(1642406699.923:84): apparmor="DENIED" operation="mknod" profile="/usr/bin/evince-thumbnailer" name="/home/etudiant/.cache/thumbnails/normal/e6a7ece19a8428486835ec17d2e82c96.png" pid=5853 comm="evince-thumbnai" requested_mask="c" denied_mask="c" fsuid=1000 ouid=1000
[ 1019.345298] audit: type=1400 audit(1642406699.999:85): apparmor="DENIED" operation="mknod" profile="/usr/bin/evince-thumbnailer" name="/home/etudiant/.cache/thumbnails/normal/82714543da8b97e2031e47e7151da05f.png" pid=5857 comm="evince-thumbnai" requested_mask="c" denied_mask="c" fsuid=1000 ouid=1000
[ 1102.464527] wlo1: disconnect from AP 84:24:8d:bb:49:e0 for new auth to 84:24:8d:bc:23:40
[ 1102.484864] wlo1: authenticate with 84:24:8d:bc:23:40
[ 1102.489154] wlo1: send auth to 84:24:8d:bc:23:40 (try 1/3)
[ 1102.507481] wlo1: authenticated
[ 1102.509812] wlo1: associate with 84:24:8d:bc:23:40 (try 1/3)
[ 1102.512470] wlo1: RX ReassocResp from 84:24:8d:bc:23:40 (capab=0x1011 status=0 aid=1)
[ 1102.531962] wlo1: associated
[ 1102.607017] wlo1: Limiting TX power to 30 (30 - 0) dBm as advertised by 84:24:8d:bc:23:40
[ 1170.998597] wlo1: disconnect from AP 84:24:8d:bc:23:40 for new auth to 84:24:8d:bb:49:e0
[ 1171.018755] wlo1: authenticate with 84:24:8d:bb:49:e0
[ 1171.022014] wlo1: send auth to 84:24:8d:bb:49:e0 (try 1/3)
[ 1171.028778] wlo1: authenticated
[ 1171.030350] wlo1: associate with 84:24:8d:bb:49:e0 (try 1/3)
[ 1171.035768] wlo1: RX ReassocResp from 84:24:8d:bb:49:e0 (capab=0x1411 status=0 aid=1)
[ 1171.055150] wlo1: associated
[ 1171.157903] wlo1: Limiting TX power to 30 (30 - 0) dBm as advertised by 84:24:8d:bb:49:e0
[ 1205.713060] wlo1: disconnect from AP 84:24:8d:bb:49:e0 for new auth to 84:24:8d:bc:23:40
[ 1205.732178] wlo1: authenticate with 84:24:8d:bc:23:40
[ 1205.735532] wlo1: send auth to 84:24:8d:bc:23:40 (try 1/3)
[ 1205.833705] wlo1: authenticated
[ 1205.834616] wlo1: associate with 84:24:8d:bc:23:40 (try 1/3)
[ 1205.836059] wlo1: RX ReassocResp from 84:24:8d:bc:23:40 (capab=0x1011 status=0 aid=1)
[ 1205.855497] wlo1: associated
[ 1205.930644] wlo1: Limiting TX power to 30 (30 - 0) dBm as advertised by 84:24:8d:bc:23:40
[ 1240.528793] wlo1: disconnect from AP 84:24:8d:bc:23:40 for new auth to 84:24:8d:bb:49:e0
[ 1240.547633] wlo1: authenticate with 84:24:8d:bb:49:e0
[ 1240.550752] wlo1: send auth to 84:24:8d:bb:49:e0 (try 1/3)
[ 1240.553535] wlo1: authenticated
[ 1240.554827] wlo1: associate with 84:24:8d:bb:49:e0 (try 1/3)
[ 1240.558781] wlo1: RX ReassocResp from 84:24:8d:bb:49:e0 (capab=0x1411 status=0 aid=2)
[ 1240.577976] wlo1: associated
[ 1240.584273] wlo1: Limiting TX power to 30 (30 - 0) dBm as advertised by 84:24:8d:bb:49:e0
[ 1343.237718] wlo1: disconnect from AP 84:24:8d:bb:49:e0 for new auth to 84:24:8d:bc:23:40
[ 1343.256786] wlo1: authenticate with 84:24:8d:bc:23:40
[ 1343.260247] wlo1: send auth to 84:24:8d:bc:23:40 (try 1/3)
[ 1343.357834] wlo1: authenticated
[ 1343.363490] wlo1: associate with 84:24:8d:bc:23:40 (try 1/3)
[ 1343.365133] wlo1: RX ReassocResp from 84:24:8d:bc:23:40 (capab=0x1011 status=0 aid=1)
[ 1343.384035] wlo1: associated
[ 1343.456541] wlo1: Limiting TX power to 30 (30 - 0) dBm as advertised by 84:24:8d:bc:23:40
[ 1411.846970] wlo1: disconnect from AP 84:24:8d:bc:23:40 for new auth to 84:24:8d:bb:49:e0
[ 1411.865767] wlo1: authenticate with 84:24:8d:bb:49:e0
[ 1411.870129] wlo1: send auth to 84:24:8d:bb:49:e0 (try 1/3)
[ 1411.899446] wlo1: send auth to 84:24:8d:bb:49:e0 (try 2/3)
[ 1411.924478] wlo1: authenticated
[ 1411.927905] wlo1: associate with 84:24:8d:bb:49:e0 (try 1/3)
[ 1411.932585] wlo1: RX ReassocResp from 84:24:8d:bb:49:e0 (capab=0x1411 status=0 aid=2)
[ 1411.952487] wlo1: associated
[ 1412.005618] wlo1: Limiting TX power to 30 (30 - 0) dBm as advertised by 84:24:8d:bb:49:e0
[ 1617.464777] wlo1: disconnect from AP 84:24:8d:bb:49:e0 for new auth to 84:24:8d:bb:dc:e0
[ 1617.484202] wlo1: authenticate with 84:24:8d:bb:dc:e0
[ 1617.488272] wlo1: send auth to 84:24:8d:bb:dc:e0 (try 1/3)
[ 1617.566305] wlo1: authenticated
[ 1617.568938] wlo1: associate with 84:24:8d:bb:dc:e0 (try 1/3)
[ 1617.570702] wlo1: RX ReassocResp from 84:24:8d:bb:dc:e0 (capab=0x1011 status=0 aid=1)
[ 1617.590580] wlo1: associated
[ 1617.669410] wlo1: Limiting TX power to 30 (30 - 0) dBm as advertised by 84:24:8d:bb:dc:e0
[ 1719.869854] wlo1: disconnect from AP 84:24:8d:bb:dc:e0 for new auth to 84:24:8d:bc:23:40
[ 1719.888036] wlo1: authenticate with 84:24:8d:bc:23:40
[ 1719.890029] wlo1: send auth to 84:24:8d:bc:23:40 (try 1/3)
[ 1719.890771] wlo1: authenticated
[ 1719.891070] wlo1: waiting for beacon from 84:24:8d:bc:23:40
[ 1719.989454] wlo1: associate with 84:24:8d:bc:23:40 (try 1/3)
[ 1719.992137] wlo1: RX ReassocResp from 84:24:8d:bc:23:40 (capab=0x1011 status=0 aid=1)
[ 1720.011020] wlo1: associated
[ 1720.091506] wlo1: Limiting TX power to 30 (30 - 0) dBm as advertised by 84:24:8d:bc:23:40
[ 1856.266466] wlo1: disconnect from AP 84:24:8d:bc:23:40 for new auth to 84:24:8d:bb:dc:e0
[ 1856.284835] wlo1: authenticate with 84:24:8d:bb:dc:e0
[ 1856.286762] wlo1: send auth to 84:24:8d:bb:dc:e0 (try 1/3)
[ 1856.287437] wlo1: authenticated
[ 1856.291728] wlo1: associate with 84:24:8d:bb:dc:e0 (try 1/3)
[ 1856.292991] wlo1: RX ReassocResp from 84:24:8d:bb:dc:e0 (capab=0x1011 status=0 aid=1)
[ 1856.311575] wlo1: associated
[ 1856.325735] wlo1: Limiting TX power to 30 (30 - 0) dBm as advertised by 84:24:8d:bb:dc:e0
[ 2196.391061] wlo1: authenticate with 84:24:8d:bc:23:40
[ 2196.392977] wlo1: send auth to 84:24:8d:bc:23:40 (try 1/3)
[ 2196.393640] wlo1: authenticated
[ 2196.396048] wlo1: associate with 84:24:8d:bc:23:40 (try 1/3)
[ 2196.397285] wlo1: RX AssocResp from 84:24:8d:bc:23:40 (capab=0x1011 status=0 aid=1)
[ 2196.415437] wlo1: associated
[ 2196.484115] wlo1: Limiting TX power to 30 (30 - 0) dBm as advertised by 84:24:8d:bc:23:40
[ 2264.843386] wlo1: disconnect from AP 84:24:8d:bc:23:40 for new auth to 84:24:8d:bb:dc:e0
[ 2264.861592] wlo1: authenticate with 84:24:8d:bb:dc:e0
[ 2264.863656] wlo1: send auth to 84:24:8d:bb:dc:e0 (try 1/3)
[ 2264.864930] wlo1: authenticated
[ 2264.868535] wlo1: associate with 84:24:8d:bb:dc:e0 (try 1/3)
[ 2264.869803] wlo1: RX ReassocResp from 84:24:8d:bb:dc:e0 (capab=0x1011 status=0 aid=1)
[ 2264.887906] wlo1: associated
[ 2264.903174] wlo1: Limiting TX power to 30 (30 - 0) dBm as advertised by 84:24:8d:bb:dc:e0
[ 2299.302216] wlo1: disconnect from AP 84:24:8d:bb:dc:e0 for new auth to 84:24:8d:bc:23:40
[ 2299.321631] wlo1: authenticate with 84:24:8d:bc:23:40
[ 2299.324583] wlo1: send auth to 84:24:8d:bc:23:40 (try 1/3)
[ 2299.325314] wlo1: authenticated
[ 2299.332759] wlo1: associate with 84:24:8d:bc:23:40 (try 1/3)
[ 2299.334327] wlo1: RX ReassocResp from 84:24:8d:bc:23:40 (capab=0x1011 status=0 aid=1)
[ 2299.353206] wlo1: associated
[ 2299.398312] wlo1: Limiting TX power to 30 (30 - 0) dBm as advertised by 84:24:8d:bc:23:40
[ 2402.053072] wlo1: disconnect from AP 84:24:8d:bc:23:40 for new auth to 84:24:8d:bb:49:e0
[ 2402.071640] wlo1: authenticate with 84:24:8d:bb:49:e0
[ 2402.075936] wlo1: send auth to 84:24:8d:bb:49:e0 (try 1/3)
[ 2402.082937] wlo1: authenticated
[ 2402.083659] wlo1: waiting for beacon from 84:24:8d:bb:49:e0
[ 2402.133517] wlo1: associate with 84:24:8d:bb:49:e0 (try 1/3)
[ 2402.139564] wlo1: RX ReassocResp from 84:24:8d:bb:49:e0 (capab=0x1411 status=0 aid=1)
[ 2402.160123] wlo1: associated
[ 2402.544603] wlo1: Limiting TX power to 30 (30 - 0) dBm as advertised by 84:24:8d:bb:49:e0
[ 2470.605270] wlo1: disconnect from AP 84:24:8d:bb:49:e0 for new auth to 84:24:8d:bc:23:40
[ 2470.625736] wlo1: authenticate with 84:24:8d:bc:23:40
[ 2470.629917] wlo1: send auth to 84:24:8d:bc:23:40 (try 1/3)
[ 2470.721813] wlo1: authenticated
[ 2470.722400] wlo1: waiting for beacon from 84:24:8d:bc:23:40
[ 2470.821916] wlo1: associate with 84:24:8d:bc:23:40 (try 1/3)
[ 2470.823682] wlo1: RX ReassocResp from 84:24:8d:bc:23:40 (capab=0x1011 status=0 aid=1)
[ 2470.842572] wlo1: associated
[ 2470.921652] wlo1: Limiting TX power to 30 (30 - 0) dBm as advertised by 84:24:8d:bc:23:40
[ 3453.311926] wlo1: disconnect from AP 84:24:8d:bc:23:40 for new auth to 84:24:8d:bb:49:e0
[ 3453.330395] wlo1: authenticate with 84:24:8d:bb:49:e0
[ 3453.335076] wlo1: send auth to 84:24:8d:bb:49:e0 (try 1/3)
[ 3453.343077] wlo1: authenticated
[ 3453.343338] wlo1: waiting for beacon from 84:24:8d:bb:49:e0
[ 3453.399313] wlo1: associate with 84:24:8d:bb:49:e0 (try 1/3)
[ 3453.403235] wlo1: RX ReassocResp from 84:24:8d:bb:49:e0 (capab=0x1411 status=0 aid=1)
[ 3453.423789] wlo1: associated
[ 3453.598064] wlo1: Limiting TX power to 30 (30 - 0) dBm as advertised by 84:24:8d:bb:49:e0
[ 4529.608725] wlo1: authenticate with 84:24:8d:bb:dc:e0
[ 4529.612231] wlo1: send auth to 84:24:8d:bb:dc:e0 (try 1/3)
[ 4529.633739] wlo1: authenticated
[ 4529.634021] wlo1: associate with 84:24:8d:bb:dc:e0 (try 1/3)
[ 4529.635257] wlo1: RX AssocResp from 84:24:8d:bb:dc:e0 (capab=0x1011 status=0 aid=1)
[ 4529.653650] wlo1: associated
[ 4529.735050] wlo1: Limiting TX power to 30 (30 - 0) dBm as advertised by 84:24:8d:bb:dc:e0
[ 4575.969899] wlo1: disconnect from AP 84:24:8d:bb:dc:e0 for new auth to 84:24:8d:bc:23:40
[ 4575.989538] wlo1: authenticate with 84:24:8d:bc:23:40
[ 4575.992554] wlo1: send auth to 84:24:8d:bc:23:40 (try 1/3)
[ 4575.995067] wlo1: authenticated
[ 4575.998408] wlo1: associate with 84:24:8d:bc:23:40 (try 1/3)
[ 4575.999691] wlo1: RX ReassocResp from 84:24:8d:bc:23:40 (capab=0x1011 status=0 aid=1)
[ 4576.017874] wlo1: associated
[ 4576.038308] wlo1: Limiting TX power to 30 (30 - 0) dBm as advertised by 84:24:8d:bc:23:40
[ 4644.542008] wlo1: disconnect from AP 84:24:8d:bc:23:40 for new auth to 84:24:8d:bb:49:e0
[ 4644.560692] wlo1: authenticate with 84:24:8d:bb:49:e0
[ 4644.564159] wlo1: send auth to 84:24:8d:bb:49:e0 (try 1/3)
[ 4644.569808] wlo1: authenticated
[ 4644.570084] wlo1: waiting for beacon from 84:24:8d:bb:49:e0
[ 4645.132036] wlo1: authenticate with 84:24:8d:bc:23:40
[ 4645.134751] wlo1: send auth to 84:24:8d:bc:23:40 (try 1/3)
[ 4645.160768] wlo1: authenticated
[ 4645.166875] wlo1: associate with 84:24:8d:bc:23:40 (try 1/3)
[ 4645.168162] wlo1: RX AssocResp from 84:24:8d:bc:23:40 (capab=0x1011 status=0 aid=1)
[ 4645.186953] wlo1: associated
[ 4645.262054] wlo1: Limiting TX power to 30 (30 - 0) dBm as advertised by 84:24:8d:bc:23:40
[ 6447.726963] wlo1: deauthenticated from 84:24:8d:bc:23:40 (Reason: 4=DISASSOC_DUE_TO_INACTIVITY)
[ 6447.834862] wlo1: authenticate with 84:24:8d:bc:23:40
[ 6447.837264] wlo1: send auth to 84:24:8d:bc:23:40 (try 1/3)
[ 6447.837961] wlo1: authenticated
[ 6447.841777] wlo1: associate with 84:24:8d:bc:23:40 (try 1/3)
[ 6447.842973] wlo1: RX AssocResp from 84:24:8d:bc:23:40 (capab=0x1011 status=0 aid=1)
[ 6447.861296] wlo1: associated
[ 6447.947882] wlo1: Limiting TX power to 30 (30 - 0) dBm as advertised by 84:24:8d:bc:23:40
[ 6550.219362] wlo1: disconnect from AP 84:24:8d:bc:23:40 for new auth to 84:24:8d:bb:49:e0
[ 6550.237821] wlo1: authenticate with 84:24:8d:bb:49:e0
[ 6550.242107] wlo1: send auth to 84:24:8d:bb:49:e0 (try 1/3)
[ 6550.246253] wlo1: authenticated
[ 6550.247271] wlo1: waiting for beacon from 84:24:8d:bb:49:e0
[ 6550.346537] wlo1: associate with 84:24:8d:bb:49:e0 (try 1/3)
[ 6550.367433] wlo1: RX ReassocResp from 84:24:8d:bb:49:e0 (capab=0x1411 status=0 aid=1)
[ 6550.394190] wlo1: associated
[ 6550.649719] wlo1: Limiting TX power to 30 (30 - 0) dBm as advertised by 84:24:8d:bb:49:e0
[ 6552.397102] wlo1: deauthenticated from 84:24:8d:bb:49:e0 (Reason: 16=GROUP_KEY_HANDSHAKE_TIMEOUT)
[ 6552.881520] wlo1: authenticate with 84:24:8d:bc:23:40
[ 6552.884682] wlo1: send auth to 84:24:8d:bc:23:40 (try 1/3)
[ 6552.911220] wlo1: authenticated
[ 6552.914517] wlo1: associate with 84:24:8d:bc:23:40 (try 1/3)
[ 6552.915882] wlo1: RX AssocResp from 84:24:8d:bc:23:40 (capab=0x1011 status=0 aid=1)
[ 6552.934509] wlo1: associated
[ 6553.012439] wlo1: Limiting TX power to 30 (30 - 0) dBm as advertised by 84:24:8d:bc:23:40
[ 6690.102198] wlo1: authenticate with 84:24:8d:bb:49:e0
[ 6690.106749] wlo1: send auth to 84:24:8d:bb:49:e0 (try 1/3)
[ 6690.118715] wlo1: authenticated
[ 6690.118900] wlo1: waiting for beacon from 84:24:8d:bb:49:e0
[ 6690.127317] wlo1: associate with 84:24:8d:bb:49:e0 (try 1/3)
[ 6690.131205] wlo1: RX AssocResp from 84:24:8d:bb:49:e0 (capab=0x1411 status=0 aid=1)
[ 6690.151635] wlo1: associated
[ 6690.326349] wlo1: Limiting TX power to 30 (30 - 0) dBm as advertised by 84:24:8d:bb:49:e0
[ 6691.152025] wlo1: deauthenticated from 84:24:8d:bb:49:e0 (Reason: 15=4WAY_HANDSHAKE_TIMEOUT)
[ 6691.534093] wlo1: authenticate with 84:24:8d:bb:dc:e0
[ 6691.537358] wlo1: send auth to 84:24:8d:bb:dc:e0 (try 1/3)
[ 6691.632577] wlo1: authenticated
[ 6691.635378] wlo1: associate with 84:24:8d:bb:dc:e0 (try 1/3)
[ 6691.636751] wlo1: RX AssocResp from 84:24:8d:bb:dc:e0 (capab=0x1011 status=0 aid=1)
[ 6691.655483] wlo1: associated
[ 6691.733946] wlo1: Limiting TX power to 30 (30 - 0) dBm as advertised by 84:24:8d:bb:dc:e0
[ 6726.329920] wlo1: disconnect from AP 84:24:8d:bb:dc:e0 for new auth to 84:24:8d:bc:23:40
